 anticheat_detector64

 Timestamp is b43712d4 (reproducible build file hash)

 Preferred load address is 0000000180000000

 Start         Length     Name                   Class
 0001:00000000 00004810H .text$mn                CODE
 0001:00004810 00000040H .text$mn$00             CODE
 0001:00004850 00000365H .text$x                 CODE
 0002:00000000 00000270H .idata$5                DATA
 0002:00000270 00000028H .00cfg                  DATA
 0002:00000298 00000008H .CRT$XCA                DATA
 0002:000002a0 00000008H .CRT$XCZ                DATA
 0002:000002a8 00000008H .CRT$XIA                DATA
 0002:000002b0 00000008H .CRT$XIZ                DATA
 0002:000002b8 00000008H .CRT$XPA                DATA
 0002:000002c0 00000008H .CRT$XPZ                DATA
 0002:000002c8 00000008H .CRT$XTA                DATA
 0002:000002d0 00000010H .CRT$XTZ                DATA
 0002:000002d8 00000000H .gehcont$y              DATA
 0002:000002d8 00000000H .gfids$y                DATA
 0002:000002e0 000019a0H .rdata                  DATA
 0002:00001c80 00000000H .rdata$CastGuardVftablesA DATA
 0002:00001c80 00000000H .rdata$CastGuardVftablesC DATA
 0002:00001c80 000001f4H .rdata$r                DATA
 0002:00001e74 0000002cH .rdata$voltmd           DATA
 0002:00001ea0 000002e8H .rdata$zzzdbg           DATA
 0002:00002188 00000008H .rtc$IAA                DATA
 0002:00002190 00000008H .rtc$IZZ                DATA
 0002:00002198 00000008H .rtc$TAA                DATA
 0002:000021a0 00000008H .rtc$TZZ                DATA
 0002:000021a8 00000810H .xdata                  DATA
 0002:000029b8 000000f8H .xdata$x                DATA
 0002:00002ab0 00000054H .edata                  DATA
 0002:00002b04 0000008cH .idata$2                DATA
 0002:00002b90 00000018H .idata$3                DATA
 0002:00002ba8 00000270H .idata$4                DATA
 0002:00002e18 000005d4H .idata$6                DATA
 0003:00000000 00000080H .data                   DATA
 0003:00000080 00000080H .data$r                 DATA
 0003:00000100 00000020H .data$rs                DATA
 0003:00000120 000005f8H .bss                    DATA
 0004:00000000 0000045cH .pdata                  DATA

  Address         Publics by Value              Rva+Base               Lib:Object

 0000:00000000       __guard_iat_table          0000000000000000     <absolute>
 0000:00000000       __arm64x_redirection_metadata 0000000000000000     <absolute>
 0000:00000000       __guard_longjmp_count      0000000000000000     <absolute>
 0000:00000000       __dynamic_value_reloc_table 0000000000000000     <absolute>
 0000:00000000       __x64_code_ranges_to_entry_points_count 0000000000000000     <absolute>
 0000:00000000       __hybrid_auxiliary_iat     0000000000000000     <absolute>
 0000:00000000       __hybrid_auxiliary_iat_copy 0000000000000000     <absolute>
 0000:00000000       ___safe_se_handler_table   0000000000000000     <absolute>
 0000:00000000       __AbsoluteZero             0000000000000000     <absolute>
 0000:00000000       __guard_iat_count          0000000000000000     <absolute>
 0000:00000000       __guard_longjmp_table      0000000000000000     <absolute>
 0000:00000000       __guard_check_icall_a64n_fptr 0000000000000000     <absolute>
 0000:00000000       __x64_code_ranges_to_entry_points 0000000000000000     <absolute>
 0000:00000000       __hybrid_code_map_count    0000000000000000     <absolute>
 0000:00000000       __guard_fids_table         0000000000000000     <absolute>
 0000:00000000       __guard_fids_count         0000000000000000     <absolute>
 0000:00000000       __arm64x_extra_rfe_table   0000000000000000     <absolute>
 0000:00000000       __hybrid_code_map          0000000000000000     <absolute>
 0000:00000000       __arm64x_extra_rfe_table_size 0000000000000000     <absolute>
 0000:00000000       ___safe_se_handler_count   0000000000000000     <absolute>
 0000:00000000       __arm64x_redirection_metadata_count 0000000000000000     <absolute>
 0000:00000000       __enclave_config           0000000000000000     <absolute>
 0000:00000000       __guard_eh_cont_table      0000000000000000     <absolute>
 0000:00000000       __arm64x_native_entrypoint 0000000000000000     <absolute>
 0000:00000000       __guard_eh_cont_count      0000000000000000     <absolute>
 0000:00000100       __guard_flags              0000000000000100     <absolute>
 0000:00000000       __ImageBase                0000000180000000     <linker-defined>
 0001:000001d0       ??$_Emplace_reallocate@AEBUdetected_artifact_t@@@?$vector@Udetected_artifact_t@@V?$allocator@Udetected_artifact_t@@@std@@@std@@QEAAPEAUdetected_artifact_t@@QEAU2@AEBU2@@Z 00000001800011d0 f i anticheat_detector.obj
 0001:00000480       ??0?$_qstring@D@@QEAA@XZ   0000000180001480 f i anticheat_detector.obj
 0001:000004a0       ??0bad_alloc@std@@QEAA@AEBV01@@Z 00000001800014a0 f i anticheat_detector.obj
 0001:000004e0       ??0bad_array_new_length@std@@QEAA@AEBV01@@Z 00000001800014e0 f i anticheat_detector.obj
 0001:00000520       ??0bad_array_new_length@std@@QEAA@XZ 0000000180001520 f i anticheat_detector.obj
 0001:00000550       ??0detected_artifact_t@@QEAA@AEBU0@@Z 0000000180001550 f i anticheat_detector.obj
 0001:000006a0       ??0exception@std@@QEAA@AEBV01@@Z 00000001800016a0 f i anticheat_detector.obj
 0001:000006e0       ??1?$_Uninitialized_backout_al@V?$allocator@Udetected_artifact_t@@@std@@@std@@QEAA@XZ 00000001800016e0 f i anticheat_detector.obj
 0001:00000740       ??1?$_qstring@D@@QEAA@XZ   0000000180001740 f i anticheat_detector.obj
 0001:00000760       ??1?$vector@Udetected_artifact_t@@V?$allocator@Udetected_artifact_t@@@std@@@std@@QEAA@XZ 0000000180001760 f i anticheat_detector.obj
 0001:00000840       ??1artifact_chooser_t@@UEAA@XZ 0000000180001840 f i anticheat_detector.obj
 0001:00000870       ??1bad_array_new_length@std@@UEAA@XZ 0000000180001870 f i anticheat_detector.obj
 0001:00000870       ??1bad_alloc@std@@UEAA@XZ  0000000180001870 f i anticheat_detector.obj
 0001:00000890       ??1detected_artifact_t@@QEAA@XZ 0000000180001890 f i anticheat_detector.obj
 0001:000008d0       ??1func_item_iterator_t@@QEAA@XZ 00000001800018d0 f i anticheat_detector.obj
 0001:000008f0       ??3modctx_t@@SAXPEAX@Z     00000001800018f0 f i anticheat_detector.obj
 0001:00000900       ??_Gaction_handler_t@@UEAAPEAXI@Z 0000000180001900 f i anticheat_detector.obj
 0001:00000900       ??_Eaction_handler_t@@UEAAPEAXI@Z 0000000180001900 f i anticheat_detector.obj
 0001:00000940       ??_Gartifact_chooser_t@@UEAAPEAXI@Z 0000000180001940 f i anticheat_detector.obj
 0001:00000940       ??_Eartifact_chooser_t@@UEAAPEAXI@Z 0000000180001940 f i anticheat_detector.obj
 0001:000009c0       ??_Gexception@std@@UEAAPEAXI@Z 00000001800019c0 f i anticheat_detector.obj
 0001:000009c0       ??_Gbad_alloc@std@@UEAAPEAXI@Z 00000001800019c0 f i anticheat_detector.obj
 0001:000009c0       ??_Gbad_array_new_length@std@@UEAAPEAXI@Z 00000001800019c0 f i anticheat_detector.obj
 0001:000009c0       ??_Ebad_array_new_length@std@@UEAAPEAXI@Z 00000001800019c0 f i anticheat_detector.obj
 0001:000009c0       ??_Eexception@std@@UEAAPEAXI@Z 00000001800019c0 f i anticheat_detector.obj
 0001:000009c0       ??_Ebad_alloc@std@@UEAAPEAXI@Z 00000001800019c0 f i anticheat_detector.obj
 0001:00000a10       ??_Echooser_base_t@@UEAAPEAXI@Z 0000000180001a10 f i anticheat_detector.obj
 0001:00000a10       ??_Gchooser_base_t@@UEAAPEAXI@Z 0000000180001a10 f i anticheat_detector.obj
 0001:00000a90       ??_Eplugin_ctx_t@@UEAAPEAXI@Z 0000000180001a90 f i anticheat_detector.obj
 0001:00000a90       ??_Gplugin_ctx_t@@UEAAPEAXI@Z 0000000180001a90 f i anticheat_detector.obj
 0001:00000b00       ??_Gplugmod_t@@UEAAPEAXI@Z 0000000180001b00 f i anticheat_detector.obj
 0001:00000b00       ??_Eplugmod_t@@UEAAPEAXI@Z 0000000180001b00 f i anticheat_detector.obj
 0001:00000b40       ??_Eshow_detector_ah_t@@UEAAPEAXI@Z 0000000180001b40 f i anticheat_detector.obj
 0001:00000b40       ??_Gshow_detector_ah_t@@UEAAPEAXI@Z 0000000180001b40 f i anticheat_detector.obj
 0001:00000b80       ?_Destroy@?$vector@Udetected_artifact_t@@V?$allocator@Udetected_artifact_t@@@std@@@std@@AEAAXPEAUdetected_artifact_t@@0@Z 0000000180001b80 f i anticheat_detector.obj
 0001:00000be0       ?__scrt_throw_std_bad_array_new_length@@YAXXZ 0000000180001be0 f i MSVCRT:throw_bad_alloc.obj
 0001:00000be0       ?_Throw_bad_array_new_length@std@@YAXXZ 0000000180001be0 f i anticheat_detector.obj
 0001:00000c00       ?_Umove@?$vector@Udetected_artifact_t@@V?$allocator@Udetected_artifact_t@@@std@@@std@@AEAAPEAUdetected_artifact_t@@PEAU3@00@Z 0000000180001c00 f i anticheat_detector.obj
 0001:00000cf0       ?_Xlength@?$vector@Udetected_artifact_t@@V?$allocator@Udetected_artifact_t@@@std@@@std@@CAXXZ 0000000180001cf0 f i anticheat_detector.obj
 0001:00000d10       ?__global_delete@@YAXPEAX_K@Z 0000000180001d10 f i anticheat_detector.obj
 0001:00000d10       ?select@chooser_t@@UEBAX_J@Z 0000000180001d10 f i anticheat_detector.obj
 0001:00000d10       ?closed@chooser_base_t@@UEAAXXZ 0000000180001d10 f i anticheat_detector.obj
 0001:00000d10       _guard_check_icall_nop     0000000180001d10 f i MSVCRT:guard_support.obj
 0001:00000d10       ?__empty_global_delete@@YAXPEAX_K@Z 0000000180001d10 f i anticheat_detector.obj
 0001:00000d20       ?activate@show_detector_ah_t@@UEAAHPEAUaction_ctx_base_t@@@Z 0000000180001d20 f   anticheat_detector.obj
 0001:00000d40       ?append@?$_qstring@D@@QEAAAEAV1@PEBD_K@Z 0000000180001d40 f i anticheat_detector.obj
 0001:00000de0       ?ask_form@@YAHPEBDZZ       0000000180001de0 f i anticheat_detector.obj
 0001:00000e20       ?assign@?$_qstring@D@@AEAAXPEBD_K@Z 0000000180001e20 f i anticheat_detector.obj
 0001:00000e90       ?check_api_calls@anticheat_detector_t@@AEAA_N_KPEAVfunc_t@@@Z 0000000180001e90 f   anticheat_detector.obj
 0001:00001520       ?check_inline_detection@anticheat_detector_t@@AEAA_N_KPEAVfunc_t@@@Z 0000000180002520 f   anticheat_detector.obj
 0001:000027b0       ?check_string_references@anticheat_detector_t@@AEAA_N_KPEAVfunc_t@@@Z 00000001800037b0 f   anticheat_detector.obj
 0001:00002d00       ?clear_results@anticheat_detector_t@@QEAAXXZ 0000000180003d00 f   anticheat_detector.obj
 0001:00002d80       ?deallocate@?$allocator@Udetected_artifact_t@@@std@@QEAAXQEAUdetected_artifact_t@@_K@Z 0000000180003d80 f i anticheat_detector.obj
 0001:00002dd0       ?edit@chooser_t@@UEAA?AUcbret_t@1@_K@Z 0000000180003dd0 f i anticheat_detector.obj
 0001:00002dd0       ?del@chooser_t@@UEAA?AUcbret_t@1@_K@Z 0000000180003dd0 f i anticheat_detector.obj
 0001:00002dd0       ?ins@chooser_t@@UEAA?AUcbret_t@1@_J@Z 0000000180003dd0 f i anticheat_detector.obj
 0001:00002df0       ?get_stdact_descs@chooser_t@@UEAA_NQEAPEAUchooser_stdact_desc_t@@@Z 0000000180003df0 f i anticheat_detector.obj
 0001:00002df0       ?do_lazy_load_dir@chooser_t@@UEAA_NPEAVdirtree_t@@AEBV?$_qstring@D@@@Z 0000000180003df0 f i anticheat_detector.obj
 0001:00002e00       ?enter@artifact_chooser_t@@UEAA?AUcbret_t@chooser_t@@_K@Z 0000000180003e00 f   anticheat_detector.obj
 0001:00002e80       ?f_is_code@@YA_N_KPEAX@Z   0000000180003e80 f i anticheat_detector.obj
 0001:00002ea0       ?get_category_name@anticheat_detector_t@@QEAAPEBDW4artifact_category_t@@@Z 0000000180003ea0 f   anticheat_detector.obj
 0001:00002f30       ?get_chooser_obj@chooser_base_t@@UEAAPEAXXZ 0000000180003f30 f i anticheat_detector.obj
 0001:00002f40       ?get_count@artifact_chooser_t@@UEBA_KXZ 0000000180003f40 f   anticheat_detector.obj
 0001:00002f70       ?get_dirtree@chooser_t@@UEAAPEAVdirtree_t@@XZ 0000000180003f70 f i anticheat_detector.obj
 0001:00002f70       _is_c_termination_complete 0000000180003f70 f i MSVCRT:ucrt_stubs.obj
 0001:00002f70       __scrt_stub_for_is_c_termination_complete 0000000180003f70 f i MSVCRT:ucrt_stubs.obj
 0001:00002f70       ?update@show_detector_ah_t@@UEAA?AW4action_state_t@@PEAUaction_ctx_base_t@@@Z 0000000180003f70 f i anticheat_detector.obj
 0001:00002f80       ?get_ea@chooser_base_t@@UEBA_K_K@Z 0000000180003f80 f i anticheat_detector.obj
 0001:00002f80       ?inode_to_index@chooser_t@@UEBA_K_K@Z 0000000180003f80 f i anticheat_detector.obj
 0001:00002f80       ?index_to_diffpos@chooser_t@@UEBA_K_K@Z 0000000180003f80 f i anticheat_detector.obj
 0001:00002f80       ?index_to_inode@chooser_t@@UEBA_K_K@Z 0000000180003f80 f i anticheat_detector.obj
 0001:00002f90       ?get_item_index@chooser_t@@UEBA_JPEBX@Z 0000000180003f90 f i anticheat_detector.obj
 0001:00002fa0       ?get_obj_id@chooser_base_t@@UEBAPEBXPEA_K@Z 0000000180003fa0 f i anticheat_detector.obj
 0001:00002fb0       ?get_row@artifact_chooser_t@@UEBAXPEAV?$qvector@V?$_qstring@D@@@@PEAHPEAUchooser_item_attrs_t@@_K@Z 0000000180003fb0 f   anticheat_detector.obj
 0001:00003190       ?info@@YAXPEBDZZ           0000000180004190 f i anticheat_detector.obj
 0001:000031d0       __scrt_stub_for_acrt_uninitialize_critical 00000001800041d0 f i MSVCRT:ucrt_stubs.obj
 0001:000031d0       __acrt_initialize          00000001800041d0 f i MSVCRT:ucrt_stubs.obj
 0001:000031d0       __vcrt_thread_attach       00000001800041d0 f i MSVCRT:ucrt_stubs.obj
 0001:000031d0       __scrt_stub_for_acrt_thread_detach 00000001800041d0 f i MSVCRT:ucrt_stubs.obj
 0001:000031d0       __vcrt_uninitialize_critical 00000001800041d0 f i MSVCRT:ucrt_stubs.obj
 0001:000031d0       __acrt_thread_attach       00000001800041d0 f i MSVCRT:ucrt_stubs.obj
 0001:000031d0       __vcrt_uninitialize        00000001800041d0 f i MSVCRT:ucrt_stubs.obj
 0001:000031d0       __scrt_stub_for_acrt_initialize 00000001800041d0 f i MSVCRT:ucrt_stubs.obj
 0001:000031d0       ?init@chooser_base_t@@UEAA_NXZ 00000001800041d0 f i anticheat_detector.obj
 0001:000031d0       __acrt_thread_detach       00000001800041d0 f i MSVCRT:ucrt_stubs.obj
 0001:000031d0       __vcrt_initialize          00000001800041d0 f i MSVCRT:ucrt_stubs.obj
 0001:000031d0       __acrt_uninitialize        00000001800041d0 f i MSVCRT:ucrt_stubs.obj
 0001:000031d0       __acrt_uninitialize_critical 00000001800041d0 f i MSVCRT:ucrt_stubs.obj
 0001:000031d0       __scrt_stub_for_acrt_uninitialize 00000001800041d0 f i MSVCRT:ucrt_stubs.obj
 0001:000031d0       __scrt_stub_for_acrt_thread_attach 00000001800041d0 f i MSVCRT:ucrt_stubs.obj
 0001:000031d0       __vcrt_thread_detach       00000001800041d0 f i MSVCRT:ucrt_stubs.obj
 0001:000031e0       ?msg@@YAHPEBDZZ            00000001800041e0 f i anticheat_detector.obj
 0001:00003220       ?refresh@chooser_t@@UEAA?AUcbret_t@1@_J@Z 0000000180004220 f i anticheat_detector.obj
 0001:00003230       ?resize_noinit@?$qvector@D@@QEAAX_K@Z 0000000180004230 f i anticheat_detector.obj
 0001:00003280       ?run@plugin_ctx_t@@UEAA_N_K@Z 0000000180004280 f   anticheat_detector.obj
 0001:000034a0       ?show_results@anticheat_detector_t@@QEAAXXZ 00000001800044a0 f   anticheat_detector.obj
 0001:00003600       ?sprnt@?$_qstring@D@@QEAAAEAV1@PEBDZZ 0000000180004600 f i anticheat_detector.obj
 0001:000036b0       ?warning@@YAXPEBDZZ        00000001800046b0 f i anticheat_detector.obj
 0001:000036f0       ?what@exception@std@@UEBAPEBDXZ 00000001800046f0 f i anticheat_detector.obj
 0001:00003703       qfree                      0000000180004703 f   ida:ida64.dll
 0001:00003709       stristr                    0000000180004709 f   ida:ida64.dll
 0001:0000370f       qvsnprintf                 000000018000470f f   ida:ida64.dll
 0001:00003715       qalloc_or_throw            0000000180004715 f   ida:ida64.dll
 0001:0000371b       qvector_reserve            000000018000471b f   ida:ida64.dll
 0001:00003721       tag_remove                 0000000180004721 f   ida:ida64.dll
 0001:00003727       generate_disasm_line       0000000180004727 f   ida:ida64.dll
 0001:0000372d       get_flags_ex               000000018000472d f   ida:ida64.dll
 0001:00003733       get_strlit_contents        0000000180004733 f   ida:ida64.dll
 0001:00003739       set_cmt                    0000000180004739 f   ida:ida64.dll
 0001:0000373f       get_cmt                    000000018000473f f   ida:ida64.dll
 0001:00003745       lock_func_range            0000000180004745 f   ida:ida64.dll
 0001:0000374b       get_func                   000000018000474b f   ida:ida64.dll
 0001:00003751       getn_func                  0000000180004751 f   ida:ida64.dll
 0001:00003757       get_func_qty               0000000180004757 f   ida:ida64.dll
 0001:0000375d       get_func_name              000000018000475d f   ida:ida64.dll
 0001:00003763       func_tail_iterator_set     0000000180004763 f   ida:ida64.dll
 0001:00003769       func_item_iterator_next    0000000180004769 f   ida:ida64.dll
 0001:0000376f       xrefblk_t_first_from       000000018000476f f   ida:ida64.dll
 0001:00003775       xrefblk_t_next_from        0000000180004775 f   ida:ida64.dll
 0001:0000377b       print_insn_mnem            000000018000477b f   ida:ida64.dll
 0001:00003781       decode_insn                0000000180004781 f   ida:ida64.dll
 0001:00003787       get_ph                     0000000180004787 f   ida:ida64.dll
 0001:0000378d       get_ash                    000000018000478d f   ida:ida64.dll
 0001:00003793       get_eah                    0000000180004793 f   ida:ida64.dll
 0001:00003799       set_module_data            0000000180004799 f   ida:ida64.dll
 0001:0000379f       get_ea_name                000000018000479f f   ida:ida64.dll
 0001:000037a5       ?_Xlength_error@std@@YAXPEBD@Z 00000001800047a5 f   msvcprt:MSVCP140.dll
 0001:000037ac       ??_L@YAXPEAX_K1P6AX0@Z2@Z  00000001800047ac f   MSVCRT:ehvecctr.obj
 0001:0000381c       ??_M@YAXPEAX_K1P6AX0@Z@Z   000000018000481c f   MSVCRT:ehvecdtr.obj
 0001:00003888       ?__ArrayUnwind@@YAXPEAX_K1P6AX0@Z@Z 0000000180004888 f   MSVCRT:ehvecdtr.obj
 0001:000038ec       ??2@YAPEAX_K@Z             00000001800048ec f   MSVCRT:new_scalar.obj
 0001:00003928       ??3@YAXPEAX_K@Z            0000000180004928 f   MSVCRT:delete_scalar_size.obj
 0001:00003930       __GSHandlerCheck_EH4       0000000180004930 f   MSVCRT:gshandlereh4.obj
 0001:000039c0       __security_check_cookie    00000001800049c0 f   MSVCRT:amdsecgs.obj
 0001:000039e0       ??_Etype_info@@UEAAPEAXI@Z 00000001800049e0 f i MSVCRT:std_type_info_static.obj
 0001:000039e0       ??_Gtype_info@@UEAAPEAXI@Z 00000001800049e0 f i MSVCRT:std_type_info_static.obj
 0001:00003d2c       _DllMainCRTStartup         0000000180004d2c f   MSVCRT:dll_dllmain.obj
 0001:00003d6c       ??0bad_alloc@std@@QEAA@XZ  0000000180004d6c f i MSVCRT:throw_bad_alloc.obj
 0001:00003d8c       ?__scrt_throw_std_bad_alloc@@YAXXZ 0000000180004d8c f   MSVCRT:throw_bad_alloc.obj
 0001:00003dac       ??3@YAXPEAX@Z              0000000180004dac f   MSVCRT:delete_scalar.obj
 0001:00003db4       __GSHandlerCheckCommon     0000000180004db4 f   MSVCRT:gshandler.obj
 0001:00003e10       __raise_securityfailure    0000000180004e10 f   MSVCRT:gs_report.obj
 0001:00003e44       __report_gsfailure         0000000180004e44 f   MSVCRT:gs_report.obj
 0001:00003f8c       __security_init_cookie     0000000180004f8c f   MSVCRT:gs_support.obj
 0001:00004038       DllMain                    0000000180005038 f   MSVCRT:dll_dllmain_stub.obj
 0001:0000405c       ?__scrt_initialize_type_info@@YAXXZ 000000018000505c f   MSVCRT:tncleanup.obj
 0001:0000406c       ?__scrt_uninitialize_type_info@@YAXXZ 000000018000506c f   MSVCRT:tncleanup.obj
 0001:00004078       __local_stdio_printf_options 0000000180005078 f i MSVCRT:default_local_stdio_options.obj
 0001:00004080       __local_stdio_scanf_options 0000000180005080 f i MSVCRT:default_local_stdio_options.obj
 0001:00004088       __scrt_initialize_default_local_stdio_options 0000000180005088 f   MSVCRT:default_local_stdio_options.obj
 0001:000040a4       __scrt_acquire_startup_lock 00000001800050a4 f   MSVCRT:utility.obj
 0001:000040e0       __scrt_dllmain_after_initialize_c 00000001800050e0 f   MSVCRT:utility.obj
 0001:00004114       __scrt_dllmain_before_initialize_c 0000000180005114 f   MSVCRT:utility.obj
 0001:0000412c       __scrt_dllmain_crt_thread_attach 000000018000512c f   MSVCRT:utility.obj
 0001:00004154       __scrt_dllmain_crt_thread_detach 0000000180005154 f   MSVCRT:utility.obj
 0001:0000416c       __scrt_dllmain_exception_filter 000000018000516c f   MSVCRT:utility.obj
 0001:000041cc       __scrt_dllmain_uninitialize_c 00000001800051cc f   MSVCRT:utility.obj
 0001:000041fc       __scrt_dllmain_uninitialize_critical 00000001800051fc f   MSVCRT:utility.obj
 0001:00004210       __scrt_initialize_crt      0000000180005210 f   MSVCRT:utility.obj
 0001:0000425c       __scrt_initialize_onexit_tables 000000018000525c f   MSVCRT:utility.obj
 0001:000042e8       __scrt_is_nonwritable_in_current_image 00000001800052e8 f   MSVCRT:utility.obj
 0001:00004380       __scrt_release_startup_lock 0000000180005380 f   MSVCRT:utility.obj
 0001:000043a4       __scrt_uninitialize_crt    00000001800053a4 f   MSVCRT:utility.obj
 0001:000043d0       __scrt_get_dyn_tls_init_callback 00000001800053d0 f   MSVCRT:dyn_tls_init.obj
 0001:000043d8       __crt_debugger_hook        00000001800053d8 f   MSVCRT:utility_desktop.obj
 0001:000043e0       __scrt_fastfail            00000001800053e0 f   MSVCRT:utility_desktop.obj
 0001:0000452c       _RTC_Initialize            000000018000552c f   MSVCRT:initsect.obj
 0001:00004568       _RTC_Terminate             0000000180005568 f   MSVCRT:initsect.obj
 0001:000045b0       __isa_available_init       00000001800055b0 f   MSVCRT:cpu_disp.obj
 0001:00004754       _get_startup_argv_mode     0000000180005754 f   MSVCRT:argv_mode.obj
 0001:0000475c       __scrt_is_ucrt_dll_in_use  000000018000575c f   MSVCRT:ucrt_detection.obj
 0001:00004768       _purecall                  0000000180005768 f   vcruntime:VCRUNTIME140.dll
 0001:0000476e       __std_terminate            000000018000576e f   vcruntime:VCRUNTIME140.dll
 0001:00004774       __std_exception_copy       0000000180005774 f   vcruntime:VCRUNTIME140.dll
 0001:0000477a       __std_exception_destroy    000000018000577a f   vcruntime:VCRUNTIME140.dll
 0001:00004780       strstr                     0000000180005780 f   vcruntime:VCRUNTIME140.dll
 0001:00004786       _CxxThrowException         0000000180005786 f   vcruntime:VCRUNTIME140.dll
 0001:0000478c       __CxxFrameHandler4         000000018000578c f   vcruntime:VCRUNTIME140_1.dll
 0001:00004792       memcpy                     0000000180005792 f   vcruntime:VCRUNTIME140.dll
 0001:00004798       memmove                    0000000180005798 f   vcruntime:VCRUNTIME140.dll
 0001:0000479e       __C_specific_handler       000000018000579e f   vcruntime:VCRUNTIME140.dll
 0001:000047a4       __current_exception        00000001800057a4 f   vcruntime:VCRUNTIME140.dll
 0001:000047aa       __current_exception_context 00000001800057aa f   vcruntime:VCRUNTIME140.dll
 0001:000047b0       __std_type_info_destroy_list 00000001800057b0 f   vcruntime:VCRUNTIME140.dll
 0001:000047b6       memset                     00000001800057b6 f   vcruntime:VCRUNTIME140.dll
 0001:000047bc       terminate                  00000001800057bc f   ucrt:api-ms-win-crt-runtime-l1-1-0.dll
 0001:000047c2       _callnewh                  00000001800057c2 f   ucrt:api-ms-win-crt-heap-l1-1-0.dll
 0001:000047c8       malloc                     00000001800057c8 f   ucrt:api-ms-win-crt-heap-l1-1-0.dll
 0001:000047ce       _initterm                  00000001800057ce f   ucrt:api-ms-win-crt-runtime-l1-1-0.dll
 0001:000047d4       _initterm_e                00000001800057d4 f   ucrt:api-ms-win-crt-runtime-l1-1-0.dll
 0001:000047da       free                       00000001800057da f   ucrt:api-ms-win-crt-heap-l1-1-0.dll
 0001:000047e0       _seh_filter_dll            00000001800057e0 f   ucrt:api-ms-win-crt-runtime-l1-1-0.dll
 0001:000047e6       _configure_narrow_argv     00000001800057e6 f   ucrt:api-ms-win-crt-runtime-l1-1-0.dll
 0001:000047ec       _initialize_narrow_environment 00000001800057ec f   ucrt:api-ms-win-crt-runtime-l1-1-0.dll
 0001:000047f2       _initialize_onexit_table   00000001800057f2 f   ucrt:api-ms-win-crt-runtime-l1-1-0.dll
 0001:000047f8       _execute_onexit_table      00000001800057f8 f   ucrt:api-ms-win-crt-runtime-l1-1-0.dll
 0001:000047fe       _cexit                     00000001800057fe f   ucrt:api-ms-win-crt-runtime-l1-1-0.dll
 0001:00004820       _guard_dispatch_icall_nop  0000000180005820 f   MSVCRT:guard_dispatch.obj
 0001:00004840       _guard_xfg_dispatch_icall_nop 0000000180005840 f   MSVCRT:guard_xfg_dispatch.obj
 0002:00000000       __imp_GetCurrentProcessId  0000000180006000     kernel32:KERNEL32.dll
 0002:00000008       __imp_SetUnhandledExceptionFilter 0000000180006008     kernel32:KERNEL32.dll
 0002:00000010       __imp_UnhandledExceptionFilter 0000000180006010     kernel32:KERNEL32.dll
 0002:00000018       __imp_RtlVirtualUnwind     0000000180006018     kernel32:KERNEL32.dll
 0002:00000020       __imp_RtlLookupFunctionEntry 0000000180006020     kernel32:KERNEL32.dll
 0002:00000028       __imp_RtlCaptureContext    0000000180006028     kernel32:KERNEL32.dll
 0002:00000030       __imp_TerminateProcess     0000000180006030     kernel32:KERNEL32.dll
 0002:00000038       __imp_IsProcessorFeaturePresent 0000000180006038     kernel32:KERNEL32.dll
 0002:00000040       __imp_QueryPerformanceCounter 0000000180006040     kernel32:KERNEL32.dll
 0002:00000048       __imp_GetCurrentThreadId   0000000180006048     kernel32:KERNEL32.dll
 0002:00000050       __imp_GetSystemTimeAsFileTime 0000000180006050     kernel32:KERNEL32.dll
 0002:00000058       __imp_DisableThreadLibraryCalls 0000000180006058     kernel32:KERNEL32.dll
 0002:00000060       __imp_InitializeSListHead  0000000180006060     kernel32:KERNEL32.dll
 0002:00000068       __imp_IsDebuggerPresent    0000000180006068     kernel32:KERNEL32.dll
 0002:00000070       __imp_GetCurrentProcess    0000000180006070     kernel32:KERNEL32.dll
 0002:00000078       \177KERNEL32_NULL_THUNK_DATA 0000000180006078     kernel32:KERNEL32.dll
 0002:00000080       __imp_?_Xlength_error@std@@YAXPEBD@Z 0000000180006080     msvcprt:MSVCP140.dll
 0002:00000088       \177MSVCP140_NULL_THUNK_DATA 0000000180006088     msvcprt:MSVCP140.dll
 0002:00000090       __imp_strstr               0000000180006090     vcruntime:VCRUNTIME140.dll
 0002:00000098       __imp__CxxThrowException   0000000180006098     vcruntime:VCRUNTIME140.dll
 0002:000000a0       __imp___std_exception_destroy 00000001800060a0     vcruntime:VCRUNTIME140.dll
 0002:000000a8       __imp__purecall            00000001800060a8     vcruntime:VCRUNTIME140.dll
 0002:000000b0       __imp_memcpy               00000001800060b0     vcruntime:VCRUNTIME140.dll
 0002:000000b8       __imp___std_terminate      00000001800060b8     vcruntime:VCRUNTIME140.dll
 0002:000000c0       __imp___C_specific_handler 00000001800060c0     vcruntime:VCRUNTIME140.dll
 0002:000000c8       __imp___current_exception  00000001800060c8     vcruntime:VCRUNTIME140.dll
 0002:000000d0       __imp___std_exception_copy 00000001800060d0     vcruntime:VCRUNTIME140.dll
 0002:000000d8       __imp___current_exception_context 00000001800060d8     vcruntime:VCRUNTIME140.dll
 0002:000000e0       __imp___std_type_info_destroy_list 00000001800060e0     vcruntime:VCRUNTIME140.dll
 0002:000000e8       __imp_memset               00000001800060e8     vcruntime:VCRUNTIME140.dll
 0002:000000f0       __imp_memmove              00000001800060f0     vcruntime:VCRUNTIME140.dll
 0002:000000f8       \177VCRUNTIME140_NULL_THUNK_DATA 00000001800060f8     vcruntime:VCRUNTIME140.dll
 0002:00000100       __imp___CxxFrameHandler4   0000000180006100     vcruntime:VCRUNTIME140_1.dll
 0002:00000108       \177VCRUNTIME140_1_NULL_THUNK_DATA 0000000180006108     vcruntime:VCRUNTIME140_1.dll
 0002:00000110       __imp_malloc               0000000180006110     ucrt:api-ms-win-crt-heap-l1-1-0.dll
 0002:00000118       __imp_free                 0000000180006118     ucrt:api-ms-win-crt-heap-l1-1-0.dll
 0002:00000120       __imp__callnewh            0000000180006120     ucrt:api-ms-win-crt-heap-l1-1-0.dll
 0002:00000128       \177api-ms-win-crt-heap-l1-1-0_NULL_THUNK_DATA 0000000180006128     ucrt:api-ms-win-crt-heap-l1-1-0.dll
 0002:00000130       __imp__cexit               0000000180006130     ucrt:api-ms-win-crt-runtime-l1-1-0.dll
 0002:00000138       __imp__execute_onexit_table 0000000180006138     ucrt:api-ms-win-crt-runtime-l1-1-0.dll
 0002:00000140       __imp__initialize_onexit_table 0000000180006140     ucrt:api-ms-win-crt-runtime-l1-1-0.dll
 0002:00000148       __imp__initialize_narrow_environment 0000000180006148     ucrt:api-ms-win-crt-runtime-l1-1-0.dll
 0002:00000150       __imp__configure_narrow_argv 0000000180006150     ucrt:api-ms-win-crt-runtime-l1-1-0.dll
 0002:00000158       __imp__seh_filter_dll      0000000180006158     ucrt:api-ms-win-crt-runtime-l1-1-0.dll
 0002:00000160       __imp__initterm_e          0000000180006160     ucrt:api-ms-win-crt-runtime-l1-1-0.dll
 0002:00000168       __imp__initterm            0000000180006168     ucrt:api-ms-win-crt-runtime-l1-1-0.dll
 0002:00000170       __imp_terminate            0000000180006170     ucrt:api-ms-win-crt-runtime-l1-1-0.dll
 0002:00000178       __imp__invalid_parameter_noinfo_noreturn 0000000180006178     ucrt:api-ms-win-crt-runtime-l1-1-0.dll
 0002:00000180       \177api-ms-win-crt-runtime-l1-1-0_NULL_THUNK_DATA 0000000180006180     ucrt:api-ms-win-crt-runtime-l1-1-0.dll
 0002:00000188       __imp_get_func_qty         0000000180006188     ida:ida64.dll
 0002:00000190       __imp_getn_func            0000000180006190     ida:ida64.dll
 0002:00000198       __imp_get_func             0000000180006198     ida:ida64.dll
 0002:000001a0       __imp_lock_func_range      00000001800061a0     ida:ida64.dll
 0002:000001a8       __imp_get_cmt              00000001800061a8     ida:ida64.dll
 0002:000001b0       __imp_set_cmt              00000001800061b0     ida:ida64.dll
 0002:000001b8       __imp_get_strlit_contents  00000001800061b8     ida:ida64.dll
 0002:000001c0       __imp_get_flags_ex         00000001800061c0     ida:ida64.dll
 0002:000001c8       __imp_get_func_name        00000001800061c8     ida:ida64.dll
 0002:000001d0       __imp_qfree                00000001800061d0     ida:ida64.dll
 0002:000001d8       __imp_qvector_reserve      00000001800061d8     ida:ida64.dll
 0002:000001e0       __imp_func_tail_iterator_set 00000001800061e0     ida:ida64.dll
 0002:000001e8       __imp_func_item_iterator_next 00000001800061e8     ida:ida64.dll
 0002:000001f0       __imp_qalloc_or_throw      00000001800061f0     ida:ida64.dll
 0002:000001f8       __imp_qvsnprintf           00000001800061f8     ida:ida64.dll
 0002:00000200       __imp_xrefblk_t_first_from 0000000180006200     ida:ida64.dll
 0002:00000208       __imp_xrefblk_t_next_from  0000000180006208     ida:ida64.dll
 0002:00000210       __imp_stristr              0000000180006210     ida:ida64.dll
 0002:00000218       __imp_print_insn_mnem      0000000180006218     ida:ida64.dll
 0002:00000220       __imp_decode_insn          0000000180006220     ida:ida64.dll
 0002:00000228       __imp_get_ph               0000000180006228     ida:ida64.dll
 0002:00000230       __imp_get_ash              0000000180006230     ida:ida64.dll
 0002:00000238       __imp_get_eah              0000000180006238     ida:ida64.dll
 0002:00000240       __imp_set_module_data      0000000180006240     ida:ida64.dll
 0002:00000248       __imp_get_ea_name          0000000180006248     ida:ida64.dll
 0002:00000250       __imp_callui               0000000180006250     ida:ida64.dll
 0002:00000258       __imp_generate_disasm_line 0000000180006258     ida:ida64.dll
 0002:00000260       __imp_tag_remove           0000000180006260     ida:ida64.dll
 0002:00000268       \177ida64_NULL_THUNK_DATA  0000000180006268     ida:ida64.dll
 0002:00000270       __guard_check_icall_fptr   0000000180006270     MSVCRT:guard_support.obj
 0002:00000278       __guard_xfg_check_icall_fptr 0000000180006278     MSVCRT:guard_support.obj
 0002:00000280       __guard_dispatch_icall_fptr 0000000180006280     MSVCRT:guard_support.obj
 0002:00000288       __guard_xfg_dispatch_icall_fptr 0000000180006288     MSVCRT:guard_support.obj
 0002:00000290       __guard_xfg_table_dispatch_icall_fptr 0000000180006290     MSVCRT:guard_support.obj
 0002:00000298       __xc_a                     0000000180006298     MSVCRT:initializers.obj
 0002:000002a0       __xc_z                     00000001800062a0     MSVCRT:initializers.obj
 0002:000002a8       __xi_a                     00000001800062a8     MSVCRT:initializers.obj
 0002:000002b0       __xi_z                     00000001800062b0     MSVCRT:initializers.obj
 0002:000002b8       __xp_a                     00000001800062b8     MSVCRT:initializers.obj
 0002:000002c0       __xp_z                     00000001800062c0     MSVCRT:initializers.obj
 0002:000002c8       __xt_a                     00000001800062c8     MSVCRT:initializers.obj
 0002:000002d0       __xt_z                     00000001800062d0     MSVCRT:initializers.obj
 0002:000002e0       ?api_patterns@anticheat_detector_t@@0QBUapi_pattern_t@1@B 00000001800062e0     anticheat_detector.obj
 0002:00000760       ?string_patterns@anticheat_detector_t@@0QBUstring_pattern_t@1@B 0000000180006760     anticheat_detector.obj
 0002:00000920       ?widths_@artifact_chooser_t@@1QBHB 0000000180006920     anticheat_detector.obj
 0002:00000938       ?header_@artifact_chooser_t@@1QBQEBDB 0000000180006938     anticheat_detector.obj
 0002:00000968       ??_C@_00CNPNBAHC@@         0000000180006968     anticheat_detector.obj
 0002:00000970       ??_C@_0BC@KNBMEBEO@IsDebuggerPresent@ 0000000180006970     anticheat_detector.obj
 0002:00000988       ??_C@_0BP@PADELDLL@Checks?5if?5debugger?5is?5attached@ 0000000180006988     anticheat_detector.obj
 0002:000009a8       ??_C@_0BL@FJLANNDC@CheckRemoteDebuggerPresent@ 00000001800069a8     anticheat_detector.obj
 0002:000009c8       ??_C@_0BL@BIIGBEFN@Checks?5for?5remote?5debugger@ 00000001800069c8     anticheat_detector.obj
 0002:000009e8       ??_C@_0BK@EGDDIFMK@NtQueryInformationProcess@ 00000001800069e8     anticheat_detector.obj
 0002:00000a08       ??_C@_0CJ@GDPPFPKF@Can?5detect?5debugger?5via?5Process@ 0000000180006a08     anticheat_detector.obj
 0002:00000a38       ??_C@_0BH@KPLDILJD@NtSetInformationThread@ 0000000180006a38     anticheat_detector.obj
 0002:00000a50       ??_C@_0BO@IAEPBNGE@Can?5hide?5thread?5from?5debugger@ 0000000180006a50     anticheat_detector.obj
 0002:00000a70       ??_C@_0BD@ILGKEMFC@OutputDebugStringA@ 0000000180006a70     anticheat_detector.obj
 0002:00000a88       ??_C@_0BK@JIHBNEIG@Used?5in?5anti?9debug?5tricks@ 0000000180006a88     anticheat_detector.obj
 0002:00000aa8       ??_C@_0BD@JHPCPJIF@OutputDebugStringW@ 0000000180006aa8     anticheat_detector.obj
 0002:00000ac0       ??_C@_0BK@PDBIPODP@ZwQueryInformationProcess@ 0000000180006ac0     anticheat_detector.obj
 0002:00000ae0       ??_C@_0BK@MCMOCAOA@Native?5API?5debugger?5check@ 0000000180006ae0     anticheat_detector.obj
 0002:00000b00       ??_C@_0BJ@NDLOPGCH@NtQuerySystemInformation@ 0000000180006b00     anticheat_detector.obj
 0002:00000b20       ??_C@_0BI@NDFPLIME@Can?5detect?5VM?5artifacts@ 0000000180006b20     anticheat_detector.obj
 0002:00000b38       ??_C@_0BH@CIFPAPFL@GetSystemFirmwareTable@ 0000000180006b38     anticheat_detector.obj
 0002:00000b50       ??_C@_0CH@FKAJBKPM@Checks?5BIOS?1firmware?5for?5VM?5sig@ 0000000180006b50     anticheat_detector.obj
 0002:00000b78       ??_C@_0CC@GLCBFBDA@SetupDiGetDeviceRegistryPropert@ 0000000180006b78     anticheat_detector.obj
 0002:00000ba0       ??_C@_0CF@EMMBDDIM@Enumerates?5hardware?5for?5VM?5dete@ 0000000180006ba0     anticheat_detector.obj
 0002:00000bc8       ??_C@_0O@DAIMODJH@CryptHashData@ 0000000180006bc8     anticheat_detector.obj
 0002:00000bd8       ??_C@_0CG@MPAKLPFK@Hashing?5function?5for?5integrity?5@ 0000000180006bd8     anticheat_detector.obj
 0002:00000c00       ??_C@_0BJ@JEFKDHMD@CreateToolhelp32Snapshot@ 0000000180006c00     anticheat_detector.obj
 0002:00000c20       ??_C@_0BL@GFGNCPOI@Memory?1process?5enumeration@ 0000000180006c20     anticheat_detector.obj
 0002:00000c40       ??_C@_0P@IGDMCLEE@VirtualProtect@ 0000000180006c40     anticheat_detector.obj
 0002:00000c50       ??_C@_0BK@KCFCPHHL@Memory?5protection?5changes@ 0000000180006c50     anticheat_detector.obj
 0002:00000c70       ??_C@_0N@MAAAEOL@VirtualQuery@ 0000000180006c70     anticheat_detector.obj
 0002:00000c80       ??_C@_0BF@OJGJBIEE@Query?5memory?5regions@ 0000000180006c80     anticheat_detector.obj
 0002:00000c98       ??_C@_0BC@LFNIPHGA@ReadProcessMemory@ 0000000180006c98     anticheat_detector.obj
 0002:00000cb0       ??_C@_0BE@MLBHGHNC@Read?5process?5memory@ 0000000180006cb0     anticheat_detector.obj
 0002:00000cc8       ??_C@_0BI@LFICGGHO@QueryPerformanceCounter@ 0000000180006cc8     anticheat_detector.obj
 0002:00000ce0       ??_C@_0BH@FOHPIHON@High?9resolution?5timing@ 0000000180006ce0     anticheat_detector.obj
 0002:00000cf8       ??_C@_0N@JOMACIEF@GetTickCount@ 0000000180006cf8     anticheat_detector.obj
 0002:00000d08       ??_C@_0BO@HLFAHDOC@Tick?5count?5for?5timing?5attacks@ 0000000180006d08     anticheat_detector.obj
 0002:00000d28       ??_C@_0P@CDHHOHKP@GetTickCount64@ 0000000180006d28     anticheat_detector.obj
 0002:00000d38       ??_C@_0BC@JPJPDFEH@64?9bit?5tick?5count@ 0000000180006d38     anticheat_detector.obj
 0002:00000d50       ??_C@_0M@DEPJBPP@timeGetTime@ 0000000180006d50     anticheat_detector.obj
 0002:00000d60       ??_C@_0BB@FDDPJMBO@Multimedia?5timer@ 0000000180006d60     anticheat_detector.obj
 0002:00000d78       ??_C@_0BK@LPCLDNPC@NtQueryPerformanceCounter@ 0000000180006d78     anticheat_detector.obj
 0002:00000d98       ??_C@_0BH@DDBNAGD@Native?5timing?5function@ 0000000180006d98     anticheat_detector.obj
 0002:00000db0       ??_C@_0BB@MBPKHMON@GetThreadContext@ 0000000180006db0     anticheat_detector.obj
 0002:00000dc8       ??_C@_0BJ@GHPBEKNM@Can?5read?5debug?5registers@ 0000000180006dc8     anticheat_detector.obj
 0002:00000de8       ??_C@_0BB@KFKDMCFP@SetThreadContext@ 0000000180006de8     anticheat_detector.obj
 0002:00000e00       ??_C@_0BP@CIEJNNAG@Can?5manipulate?5debug?5registers@ 0000000180006e00     anticheat_detector.obj
 0002:00000e20       ??_C@_0BD@LHJBPAIN@NtGetContextThread@ 0000000180006e20     anticheat_detector.obj
 0002:00000e38       ??_C@_0BI@DOGGJPBK@Native?5context?5function@ 0000000180006e38     anticheat_detector.obj
 0002:00000e50       ??_C@_0BD@NDMIEODP@NtSetContextThread@ 0000000180006e50     anticheat_detector.obj
 0002:00000e68       ??_C@_0O@DJPJEFJP@EnumProcesses@ 0000000180006e68     anticheat_detector.obj
 0002:00000e78       ??_C@_0BM@BOGKCHJI@Enumerate?5running?5processes@ 0000000180006e78     anticheat_detector.obj
 0002:00000e98       ??_C@_0P@ILGHDLOE@Process32First@ 0000000180006e98     anticheat_detector.obj
 0002:00000ea8       ??_C@_0BE@LECOJMIC@Process?5enumeration@ 0000000180006ea8     anticheat_detector.obj
 0002:00000ec0       ??_C@_0O@LGJLFMBH@Process32Next@ 0000000180006ec0     anticheat_detector.obj
 0002:00000ed0       ??_C@_0BD@FIEJBLME@EnumProcessModules@ 0000000180006ed0     anticheat_detector.obj
 0002:00000ee8       ??_C@_0BD@IKLLHHFO@Module?5enumeration@ 0000000180006ee8     anticheat_detector.obj
 0002:00000f00       ??_C@_0O@CNMFJJGO@Module32First@ 0000000180006f00     anticheat_detector.obj
 0002:00000f10       ??_C@_0N@KIGOLBLC@Module32Next@ 0000000180006f10     anticheat_detector.obj
 0002:00000f20       ??_C@_0BB@HNEJOHCL@GetModuleHandleA@ 0000000180006f20     anticheat_detector.obj
 0002:00000f38       ??_C@_0BC@OFLCPBAL@Get?5module?5handle@ 0000000180006f38     anticheat_detector.obj
 0002:00000f50       ??_C@_0BB@GBNBFCPM@GetModuleHandleW@ 0000000180006f50     anticheat_detector.obj
 0002:00000f68       ??_C@_0N@LOMLCOFC@LoadLibraryA@ 0000000180006f68     anticheat_detector.obj
 0002:00000f78       ??_C@_0BD@DOINKEEF@Load?5library?5check@ 0000000180006f78     anticheat_detector.obj
 0002:00000f90       ??_C@_0N@KCFDJLIF@LoadLibraryW@ 0000000180006f90     anticheat_detector.obj
 0002:00000fa0       ??_C@_0BB@KJBOEJKI@VirtualProtectEx@ 0000000180006fa0     anticheat_detector.obj
 0002:00000fb8       ??_C@_0BL@LJAMJOHI@External?5memory?5protection@ 0000000180006fb8     anticheat_detector.obj
 0002:00000fd8       ??_C@_0BH@EDMKDLIP@NtProtectVirtualMemory@ 0000000180006fd8     anticheat_detector.obj
 0002:00000ff0       ??_C@_0BJ@DMFNMPHO@Native?5memory?5protection@ 0000000180006ff0     anticheat_detector.obj
 0002:0000100c       ??_C@_04KCPIBHAE@WINE@     000000018000700c     anticheat_detector.obj
 0002:00001018       ??_C@_0CD@BILEOFNB@Wine?5compatibility?5layer?5detect@ 0000000180007018     anticheat_detector.obj
 0002:0000103c       ??_C@_06BGMHGKNL@VMware@   000000018000703c     anticheat_detector.obj
 0002:00001048       ??_C@_0BB@NPMIMCAG@VMware?5detection@ 0000000180007048     anticheat_detector.obj
 0002:0000105c       ??_C@_04BLPONNNM@VBox@     000000018000705c     anticheat_detector.obj
 0002:00001068       ??_C@_0BF@IADCNKEE@VirtualBox?5detection@ 0000000180007068     anticheat_detector.obj
 0002:00001080       ??_C@_04LGDHLPJO@VBOX@     0000000180007080     anticheat_detector.obj
 0002:00001088       ??_C@_03GFGAEIEM@Xen@      0000000180007088     anticheat_detector.obj
 0002:00001090       ??_C@_0BJ@DLGHECMB@Xen?5hypervisor?5detection@ 0000000180007090     anticheat_detector.obj
 0002:000010ac       ??_C@_04CPOKPBBE@QEMU@     00000001800070ac     anticheat_detector.obj
 0002:000010b8       ??_C@_0P@EBDENMMP@QEMU?5detection@ 00000001800070b8     anticheat_detector.obj
 0002:000010c8       ??_C@_0N@IGDPKFLN@Cheat?5Engine@ 00000001800070c8     anticheat_detector.obj
 0002:000010d8       ??_C@_0BH@KHAJADGL@Cheat?5Engine?5detection@ 00000001800070d8     anticheat_detector.obj
 0002:000010f0       ??_C@_07NIBLLGJN@OllyDbg@  00000001800070f0     anticheat_detector.obj
 0002:000010f8       ??_C@_0BC@HDMPIAEJ@OllyDbg?5detection@ 00000001800070f8     anticheat_detector.obj
 0002:0000110c       ??_C@_06OODNMGEB@x64dbg@   000000018000710c     anticheat_detector.obj
 0002:00001118       ??_C@_0BB@DCOLNHOC@x64dbg?5detection@ 0000000180007118     anticheat_detector.obj
 0002:0000112c       ??_C@_03KGFGGMAM@IDA@      000000018000712c     anticheat_detector.obj
 0002:00001130       ??_C@_0BC@JOILOIIC@IDA?5Pro?5detection@ 0000000180007130     anticheat_detector.obj
 0002:00001148       ??_C@_09PGJEBFDP@Wireshark@ 0000000180007148     anticheat_detector.obj
 0002:00001158       ??_C@_0BG@HOEMHOPH@Network?5analysis?5tool@ 0000000180007158     anticheat_detector.obj
 0002:00001170       ??_C@_0O@EJMEKJLM@ProcessHacker@ 0000000180007170     anticheat_detector.obj
 0002:00001180       ??_C@_0BG@BGIDHFCK@Process?5analysis?5tool@ 0000000180007180     anticheat_detector.obj
 0002:00001198       ??_C@_0BA@CHFHMCJO@ProcessExplorer@ 0000000180007198     anticheat_detector.obj
 0002:000011a8       ??_C@_0BB@ICFLKOPM@SeDebugPrivilege@ 00000001800071a8     anticheat_detector.obj
 0002:000011c0       ??_C@_0BG@LNNACHDD@Debug?5privilege?5check@ 00000001800071c0     anticheat_detector.obj
 0002:000011d8       ??_C@_0BO@JNDBAJEO@Anti?9Cheat?5Artifacts?5Detector@ 00000001800071d8     anticheat_detector.obj
 0002:000011f8       ??_C@_07EODJIPPN@Address@  00000001800071f8     anticheat_detector.obj
 0002:00001200       ??_C@_08PHKOHANG@Function@ 0000000180007200     anticheat_detector.obj
 0002:00001210       ??_C@_0M@LHLPIFKK@Instruction@ 0000000180007210     anticheat_detector.obj
 0002:00001220       ??_C@_08EDGJCMOO@Category@ 0000000180007220     anticheat_detector.obj
 0002:00001230       ??_C@_08HFJKEKNA@Severity@ 0000000180007230     anticheat_detector.obj
 0002:00001240       ??_C@_0M@OHKMKKDH@Description@ 0000000180007240     anticheat_detector.obj
 0002:00001250       ??_C@_0GM@CLNDHAEI@Anti?9Cheat?5Artifact?5Detector?5?9?5@ 0000000180007250     anticheat_detector.obj
 0002:000012c0       ??_C@_0PJ@BAENDNAG@Anti?9Cheat?5Artifact?5Detector?5pl@ 00000001800072c0     anticheat_detector.obj
 0002:000013c0       ??_C@_0BC@EOODALEL@Unknown?5exception@ 00000001800073c0     anticheat_detector.obj
 0002:000013d8       ??_C@_0BF@KINCDENJ@bad?5array?5new?5length@ 00000001800073d8     anticheat_detector.obj
 0002:000013f0       ??_7chooser_base_t@@6B@    00000001800073f0     anticheat_detector.obj
 0002:00001430       ??_7action_handler_t@@6B@  0000000180007430     anticheat_detector.obj
 0002:00001448       ??_7plugmod_t@@6B@         0000000180007448     anticheat_detector.obj
 0002:00001458       ??_7artifact_chooser_t@@6B@ 0000000180007458     anticheat_detector.obj
 0002:00001500       ??_7show_detector_ah_t@@6B@ 0000000180007500     anticheat_detector.obj
 0002:00001518       ??_7plugin_ctx_t@@6B@      0000000180007518     anticheat_detector.obj
 0002:00001528       ??_C@_0BK@EJJNKJBG@anticheat?3DetectArtifacts@ 0000000180007528     anticheat_detector.obj
 0002:00001548       ??_C@_0N@NJOPCHHH@Ctrl?$CLShift?$CLA@ 0000000180007548     anticheat_detector.obj
 0002:00001558       ??_C@_07KFALCCLJ@Search?1@ 0000000180007558     anticheat_detector.obj
 0002:00001560       ??_C@_0BD@OBIGJHJF@Debugger?5Detection@ 0000000180007560     anticheat_detector.obj
 0002:00001578       ??_C@_0N@HNGMLOEH@VM?5Detection@ 0000000180007578     anticheat_detector.obj
 0002:00001588       ??_C@_0BA@EJGGKAJA@Integrity?5Check@ 0000000180007588     anticheat_detector.obj
 0002:00001598       ??_C@_0N@FLCNAIOE@Timing?5Check@ 0000000180007598     anticheat_detector.obj
 0002:000015a8       ??_C@_0BE@FBGIBBNE@Hardware?5Breakpoint@ 00000001800075a8     anticheat_detector.obj
 0002:000015c0       ??_C@_0BE@KMBPEHHK@Process?5Enumeration@ 00000001800075c0     anticheat_detector.obj
 0002:000015d8       ??_C@_0BD@JCIKKMKG@Module?5Enumeration@ 00000001800075d8     anticheat_detector.obj
 0002:000015f0       ??_C@_0P@MLLKACNM@Thread?5Context@ 00000001800075f0     anticheat_detector.obj
 0002:00001600       ??_C@_0BB@IHEFEGOF@Protection?5Check@ 0000000180007600     anticheat_detector.obj
 0002:00001618       ??_C@_07NBCGADJA@Unknown@  0000000180007618     anticheat_detector.obj
 0002:00001650       ??_C@_06MDDIFPMB@?$FLACAD?$FN@ 0000000180007650     anticheat_detector.obj
 0002:00001658       ??_C@_01CLKCMJKC@?5@       0000000180007658     anticheat_detector.obj
 0002:00001660       ??_C@_07HJCEOONL@?$FLACAD?$FN?5@ 0000000180007660     anticheat_detector.obj
 0002:00001668       ??_C@_0BC@CAHCGKHF@?$CFs?5?$CIstring?3?5?$CC?$CFs?$CC?$CJ@ 0000000180007668     anticheat_detector.obj
 0002:00001680       ??_C@_0N@HAODCDDO@String?3?5?$CC?$CFs?$CC@ 0000000180007680     anticheat_detector.obj
 0002:00001690       ??_C@_05CDPJMNMF@cpuid@    0000000180007690     anticheat_detector.obj
 0002:00001698       ??_C@_0CB@JDADGKBA@CPUID?5instruction?5?$CIVM?5detection@ 0000000180007698     anticheat_detector.obj
 0002:000016bc       ??_C@_05JIFPPKLN@rdtsc@    00000001800076bc     anticheat_detector.obj
 0002:000016c4       ??_C@_06JKHHOJDN@rdtscp@   00000001800076c4     anticheat_detector.obj
 0002:000016d0       ??_C@_0CB@BHIPPFJK@RDTSC?5instruction?5?$CItiming?5check@ 00000001800076d0     anticheat_detector.obj
 0002:000016f4       ??_C@_03JBIPMCLC@int@      00000001800076f4     anticheat_detector.obj
 0002:000016f8       ??_C@_0CB@JOGGAPMB@INT?5?$CFXh?5instruction?5?$CIanti?9debug@ 00000001800076f8     anticheat_detector.obj
 0002:00001720       ??_C@_07IHOFANMG@int?5?$CFXh@ 0000000180007720     anticheat_detector.obj
 0002:00001728       ??_C@_03CNBJFNFA@mov@      0000000180007728     anticheat_detector.obj
 0002:00001730       ??_C@_0CL@FELJJLEE@PEB?5access?5?$CIpotential?5BeingDebu@ 0000000180007730     anticheat_detector.obj
 0002:00001760       ??_C@_0BM@IDEMFBDL@Suspicious?5constant?3?50x?$CFllX@ 0000000180007760     anticheat_detector.obj
 0002:0000177c       ??_C@_06GGPPAHKI@0x?$CFllX@ 000000018000777c     anticheat_detector.obj
 0002:00001788       ??_C@_0BJ@FHBKMJHK@Scanning?5function?5at?5?$CFa?6@ 0000000180007788     anticheat_detector.obj
 0002:000017a8       ??_C@_0CG@ICHBANFC@Starting?5anti?9cheat?5artifact?5sc@ 00000001800077a8     anticheat_detector.obj
 0002:000017d0       ??_C@_0BL@GEOGGBPA@Progress?3?5?$CFd?1?$CFd?5functions?6@ 00000001800077d0     anticheat_detector.obj
 0002:000017f0       ??_C@_0CD@KAGGMJJP@Scan?5complete?$CB?5Found?5?$CFd?5artifac@ 00000001800077f0     anticheat_detector.obj
 0002:00001818       ??_C@_0CG@LIBABJFE@Please?5position?5cursor?5in?5a?5fun@ 0000000180007818     anticheat_detector.obj
 0002:00001840       ??_C@_0BO@BOLBPCBE@Scanning?5current?5function?4?4?4?6@ 0000000180007840     anticheat_detector.obj
 0002:00001860       ??_C@_0CI@PFCGGOBC@Found?5?$CFd?5artifacts?5in?5current?5f@ 0000000180007860     anticheat_detector.obj
 0002:00001888       ??_C@_0CC@ECOFOKDO@No?5anti?9cheat?5artifacts?5detecte@ 0000000180007888     anticheat_detector.obj
 0002:000018b0       ??_C@_0BF@DMBKKPDA@Anti?9Cheat?5Artifacts@ 00000001800078b0     anticheat_detector.obj
 0002:000018c8       ??_C@_02ECNOPIAA@?$CFa@    00000001800078c8     anticheat_detector.obj
 0002:000018cc       ??_C@_04BFJIALKJ@?$CFd?15@ 00000001800078cc     anticheat_detector.obj
 0002:00001950       ??_C@_0EK@HMLNDCAO@Failed?5to?5register?5menu?5item?5fo@ 0000000180007950     anticheat_detector.obj
 0002:000019a0       ??_C@_0CG@PNOCBFJI@Anti?9Cheat?5Artifact?5Detector?5lo@ 00000001800079a0     anticheat_detector.obj
 0002:000019d0       ??_C@_0EK@OONEFNAP@Use?5Anti?9Cheat?5Artifacts?5Detect@ 00000001800079d0     anticheat_detector.obj
 0002:00001a1a       ?nullstr@?1??c_str@?$_qstring@D@@QEBAPEBDXZ@4QBDB 0000000180007a1a     anticheat_detector.obj
 0002:00001a20       ??_C@_0BA@FOIKENOD@vector?5too?5long@ 0000000180007a20     anticheat_detector.obj
 0002:00001a30       __xmm@ffffffffffffffffffffffffffffffff 0000000180007a30     anticheat_detector.obj
 0002:00001a48       ??_7type_info@@6B@         0000000180007a48     MSVCRT:std_type_info_static.obj
 0002:00001a50       _pRawDllMain               0000000180007a50     MSVCRT:dll_dllmain.obj
 0002:00001a50       _pDefaultRawDllMain        0000000180007a50     MSVCRT:dll_dllmain.obj
 0002:00001a60       ??_7exception@std@@6B@     0000000180007a60     MSVCRT:throw_bad_alloc.obj
 0002:00001a78       ??_7bad_alloc@std@@6B@     0000000180007a78     MSVCRT:throw_bad_alloc.obj
 0002:00001a88       ??_C@_0P@GHFPNOJB@bad?5allocation@ 0000000180007a88     MSVCRT:throw_bad_alloc.obj
 0002:00001aa0       ??_7bad_array_new_length@std@@6B@ 0000000180007aa0     MSVCRT:throw_bad_alloc.obj
 0002:00001b30       _load_config_used          0000000180007b30     MSVCRT:loadcfg.obj
 0002:00001c80       ??_R4type_info@@6B@        0000000180007c80     MSVCRT:std_type_info_static.obj
 0002:00001ca8       ??_R3type_info@@8          0000000180007ca8     MSVCRT:std_type_info_static.obj
 0002:00001cc0       ??_R2type_info@@8          0000000180007cc0     MSVCRT:std_type_info_static.obj
 0002:00001cd0       ??_R1A@?0A@EA@type_info@@8 0000000180007cd0     MSVCRT:std_type_info_static.obj
 0002:00001cf8       ??_R4exception@std@@6B@    0000000180007cf8     MSVCRT:throw_bad_alloc.obj
 0002:00001d20       ??_R3exception@std@@8      0000000180007d20     MSVCRT:throw_bad_alloc.obj
 0002:00001d38       ??_R2exception@std@@8      0000000180007d38     MSVCRT:throw_bad_alloc.obj
 0002:00001d48       ??_R1A@?0A@EA@exception@std@@8 0000000180007d48     MSVCRT:throw_bad_alloc.obj
 0002:00001d70       ??_R4bad_alloc@std@@6B@    0000000180007d70     MSVCRT:throw_bad_alloc.obj
 0002:00001d98       ??_R3bad_alloc@std@@8      0000000180007d98     MSVCRT:throw_bad_alloc.obj
 0002:00001db0       ??_R2bad_alloc@std@@8      0000000180007db0     MSVCRT:throw_bad_alloc.obj
 0002:00001dc8       ??_R1A@?0A@EA@bad_alloc@std@@8 0000000180007dc8     MSVCRT:throw_bad_alloc.obj
 0002:00001df0       ??_R4bad_array_new_length@std@@6B@ 0000000180007df0     MSVCRT:throw_bad_alloc.obj
 0002:00001e18       ??_R3bad_array_new_length@std@@8 0000000180007e18     MSVCRT:throw_bad_alloc.obj
 0002:00001e30       ??_R2bad_array_new_length@std@@8 0000000180007e30     MSVCRT:throw_bad_alloc.obj
 0002:00001e50       ??_R1A@?0A@EA@bad_array_new_length@std@@8 0000000180007e50     MSVCRT:throw_bad_alloc.obj
 0002:00001e74       __volatile_metadata        0000000180007e74     <linker-defined>
 0002:00002188       __rtc_iaa                  0000000180008188     MSVCRT:initsect.obj
 0002:00002190       __rtc_izz                  0000000180008190     MSVCRT:initsect.obj
 0002:00002198       __rtc_taa                  0000000180008198     MSVCRT:initsect.obj
 0002:000021a0       __rtc_tzz                  00000001800081a0     MSVCRT:initsect.obj
 0002:000029b8       _TI3?AVbad_array_new_length@std@@ 00000001800089b8     anticheat_detector.obj
 0002:000029d8       _CTA3?AVbad_array_new_length@std@@ 00000001800089d8     anticheat_detector.obj
 0002:000029f8       _CT??_R0?AVbad_array_new_length@std@@@8??0bad_array_new_length@std@@QEAA@AEBV01@@Z24 00000001800089f8     anticheat_detector.obj
 0002:00002a20       _CT??_R0?AVbad_alloc@std@@@8??0bad_alloc@std@@QEAA@AEBV01@@Z24 0000000180008a20     anticheat_detector.obj
 0002:00002a48       _CT??_R0?AVexception@std@@@8??0exception@std@@QEAA@AEBV01@@Z24 0000000180008a48     anticheat_detector.obj
 0002:00002a70       _TI2?AVbad_alloc@std@@     0000000180008a70     MSVCRT:throw_bad_alloc.obj
 0002:00002a90       _CTA2?AVbad_alloc@std@@    0000000180008a90     MSVCRT:throw_bad_alloc.obj
 0002:00002b04       __IMPORT_DESCRIPTOR_ida64  0000000180008b04     ida:ida64.dll
 0002:00002b18       __IMPORT_DESCRIPTOR_MSVCP140 0000000180008b18     msvcprt:MSVCP140.dll
 0002:00002b2c       __IMPORT_DESCRIPTOR_KERNEL32 0000000180008b2c     kernel32:KERNEL32.dll
 0002:00002b40       __IMPORT_DESCRIPTOR_VCRUNTIME140 0000000180008b40     vcruntime:VCRUNTIME140.dll
 0002:00002b54       __IMPORT_DESCRIPTOR_VCRUNTIME140_1 0000000180008b54     vcruntime:VCRUNTIME140_1.dll
 0002:00002b68       __IMPORT_DESCRIPTOR_api-ms-win-crt-runtime-l1-1-0 0000000180008b68     ucrt:api-ms-win-crt-runtime-l1-1-0.dll
 0002:00002b7c       __IMPORT_DESCRIPTOR_api-ms-win-crt-heap-l1-1-0 0000000180008b7c     ucrt:api-ms-win-crt-heap-l1-1-0.dll
 0002:00002b90       __NULL_IMPORT_DESCRIPTOR   0000000180008b90     ida:ida64.dll
 0003:00000000       PLUGIN                     000000018000a000     anticheat_detector.obj
 0003:00000040       __security_cookie_complement 000000018000a040     MSVCRT:gs_cookie.obj
 0003:00000048       __security_cookie          000000018000a048     MSVCRT:gs_cookie.obj
 0003:00000050       __scrt_native_dllmain_reason 000000018000a050     MSVCRT:utility.obj
 0003:00000060       __isa_available            000000018000a060     MSVCRT:cpu_disp.obj
 0003:00000064       __isa_enabled              000000018000a064     MSVCRT:cpu_disp.obj
 0003:00000068       __memcpy_nt_iters          000000018000a068     MSVCRT:cpu_disp.obj
 0003:00000070       __memset_nt_iters          000000018000a070     MSVCRT:cpu_disp.obj
 0003:00000078       __scrt_ucrt_dll_is_in_use  000000018000a078     MSVCRT:ucrt_stubs.obj
 0003:00000080       ??_R0?AVbad_array_new_length@std@@@8 000000018000a080     anticheat_detector.obj
 0003:000000b0       ??_R0?AVbad_alloc@std@@@8  000000018000a0b0     anticheat_detector.obj
 0003:000000d8       ??_R0?AVexception@std@@@8  000000018000a0d8     anticheat_detector.obj
 0003:00000100       ??_R0?AVtype_info@@@8      000000018000a100     MSVCRT:std_type_info_static.obj
 0003:00000120       ?data_id@@3HA              000000018000a120     anticheat_detector.obj
 0003:00000128       __castguard_check_failure_os_handled_fptr 000000018000a128     MSVCRT:guard_support.obj
 0003:000006a0       ?__type_info_root_node@@3U__type_info_node@@A 000000018000a6a0     MSVCRT:tncleanup.obj
 0003:000006b0       ?_OptionsStorage@?1??__local_stdio_printf_options@@9@4_KA 000000018000a6b0     MSVCRT:default_local_stdio_options.obj
 0003:000006b8       ?_OptionsStorage@?1??__local_stdio_scanf_options@@9@4_KA 000000018000a6b8     MSVCRT:default_local_stdio_options.obj
 0003:000006c0       __scrt_current_native_startup_state 000000018000a6c0     MSVCRT:utility.obj
 0003:000006c8       __scrt_native_startup_lock 000000018000a6c8     MSVCRT:utility.obj
 0003:00000708       __scrt_debugger_hook_flag  000000018000a708     MSVCRT:utility_desktop.obj
 0003:0000070c       __favor                    000000018000a70c     MSVCRT:cpu_disp.obj
 0003:00000710       __dyn_tls_init_callback    000000018000a710     <common>

 entry point at        0001:00003d2c

 Static symbols

 0000:ffff3000       .debug$S                   0000000180000000     anticheat_detector64.exp
 0000:ffff3000       .debug$S                   0000000180000000     ida:ida64.dll
 0000:ffff3000       .debug$S                   0000000180000000     ida:ida64.dll
 0000:ffff3000       .debug$S                   0000000180000000     ida:ida64.dll
 0000:ffff3000       .debug$S                   0000000180000000     ida:ida64.dll
 0000:ffff3000       .debug$S                   0000000180000000     ida:ida64.dll
 0000:ffff3000       .debug$S                   0000000180000000     ida:ida64.dll
 0000:ffff3000       .debug$S                   0000000180000000     ida:ida64.dll
 0000:ffff3000       .debug$S                   0000000180000000     ida:ida64.dll
 0000:ffff3000       .debug$S                   0000000180000000     ida:ida64.dll
 0000:ffff3000       .debug$S                   0000000180000000     ida:ida64.dll
 0000:ffff3000       .debug$S                   0000000180000000     ida:ida64.dll
 0000:ffff3000       .debug$S                   0000000180000000     ida:ida64.dll
 0000:ffff3000       .debug$S                   0000000180000000     ida:ida64.dll
 0000:ffff3000       .debug$S                   0000000180000000     ida:ida64.dll
 0000:ffff3000       .debug$S                   0000000180000000     ida:ida64.dll
 0000:ffff3000       .debug$S                   0000000180000000     ida:ida64.dll
 0000:ffff3000       .debug$S                   0000000180000000     ida:ida64.dll
 0000:ffff3000       .debug$S                   0000000180000000     ida:ida64.dll
 0000:ffff3000       .debug$S                   0000000180000000     ida:ida64.dll
 0000:ffff3000       .debug$S                   0000000180000000     ida:ida64.dll
 0000:ffff3000       .debug$S                   0000000180000000     ida:ida64.dll
 0000:ffff3000       .debug$S                   0000000180000000     ida:ida64.dll
 0000:ffff3000       .debug$S                   0000000180000000     ida:ida64.dll
 0000:ffff3000       .debug$S                   0000000180000000     ida:ida64.dll
 0000:ffff3000       .debug$S                   0000000180000000     ida:ida64.dll
 0000:ffff3000       .debug$S                   0000000180000000     ida:ida64.dll
 0000:ffff3000       .debug$S                   0000000180000000     ida:ida64.dll
 0000:ffff3000       .debug$S                   0000000180000000     ida:ida64.dll
 0000:ffff3000       .debug$S                   0000000180000000     ida:ida64.dll
 0000:ffff3000       .debug$S                   0000000180000000     ida:ida64.dll
 0000:ffff3000       .debug$S                   0000000180000000     ida:ida64.dll
 0000:ffff3000       .debug$S                   0000000180000000     msvcprt:MSVCP140.dll
 0000:ffff3000       .debug$S                   0000000180000000     vcruntime:VCRUNTIME140.dll
 0000:ffff3000       .debug$S                   0000000180000000     vcruntime:VCRUNTIME140.dll
 0000:ffff3000       .debug$S                   0000000180000000     vcruntime:VCRUNTIME140.dll
 0000:ffff3000       .debug$S                   0000000180000000     vcruntime:VCRUNTIME140.dll
 0000:ffff3000       .debug$S                   0000000180000000     vcruntime:VCRUNTIME140.dll
 0000:ffff3000       .debug$S                   0000000180000000     vcruntime:VCRUNTIME140.dll
 0000:ffff3000       .debug$S                   0000000180000000     vcruntime:VCRUNTIME140.dll
 0000:ffff3000       .debug$S                   0000000180000000     vcruntime:VCRUNTIME140.dll
 0000:ffff3000       .debug$S                   0000000180000000     vcruntime:VCRUNTIME140.dll
 0000:ffff3000       .debug$S                   0000000180000000     vcruntime:VCRUNTIME140.dll
 0000:ffff3000       .debug$S                   0000000180000000     vcruntime:VCRUNTIME140.dll
 0000:ffff3000       .debug$S                   0000000180000000     vcruntime:VCRUNTIME140.dll
 0000:ffff3000       .debug$S                   0000000180000000     vcruntime:VCRUNTIME140.dll
 0000:ffff3000       .debug$S                   0000000180000000     vcruntime:VCRUNTIME140_1.dll
 0000:ffff3000       .debug$S                   0000000180000000     ucrt:api-ms-win-crt-heap-l1-1-0.dll
 0000:ffff3000       .debug$S                   0000000180000000     ucrt:api-ms-win-crt-heap-l1-1-0.dll
 0000:ffff3000       .debug$S                   0000000180000000     ucrt:api-ms-win-crt-heap-l1-1-0.dll
 0000:ffff3000       .debug$S                   0000000180000000     ucrt:api-ms-win-crt-runtime-l1-1-0.dll
 0000:ffff3000       .debug$S                   0000000180000000     ucrt:api-ms-win-crt-runtime-l1-1-0.dll
 0000:ffff3000       .debug$S                   0000000180000000     ucrt:api-ms-win-crt-runtime-l1-1-0.dll
 0000:ffff3000       .debug$S                   0000000180000000     ucrt:api-ms-win-crt-runtime-l1-1-0.dll
 0000:ffff3000       .debug$S                   0000000180000000     ucrt:api-ms-win-crt-runtime-l1-1-0.dll
 0000:ffff3000       .debug$S                   0000000180000000     ucrt:api-ms-win-crt-runtime-l1-1-0.dll
 0000:ffff3000       .debug$S                   0000000180000000     ucrt:api-ms-win-crt-runtime-l1-1-0.dll
 0000:ffff3000       .debug$S                   0000000180000000     ucrt:api-ms-win-crt-runtime-l1-1-0.dll
 0000:ffff3000       .debug$S                   0000000180000000     ucrt:api-ms-win-crt-runtime-l1-1-0.dll
 0000:ffff3000       .debug$S                   0000000180000000     ucrt:api-ms-win-crt-runtime-l1-1-0.dll
 0000:ffff3000       .debug$S                   0000000180000000     ucrt:api-ms-win-crt-runtime-l1-1-0.dll
 0000:ffff3000       .debug$S                   0000000180000000     ucrt:api-ms-win-crt-runtime-l1-1-0.dll
 0000:ffff3000       .debug$S                   0000000180000000     ucrt:api-ms-win-crt-runtime-l1-1-0.dll
 0000:ffff3000       .debug$S                   0000000180000000     kernel32:KERNEL32.dll
 0000:ffff3000       .debug$S                   0000000180000000     kernel32:KERNEL32.dll
 0000:ffff3000       .debug$S                   0000000180000000     kernel32:KERNEL32.dll
 0000:ffff3000       .debug$S                   0000000180000000     kernel32:KERNEL32.dll
 0000:ffff3000       .debug$S                   0000000180000000     kernel32:KERNEL32.dll
 0000:ffff3000       .debug$S                   0000000180000000     kernel32:KERNEL32.dll
 0000:ffff3000       .debug$S                   0000000180000000     kernel32:KERNEL32.dll
 0000:ffff3000       .debug$S                   0000000180000000     kernel32:KERNEL32.dll
 0000:ffff3000       .debug$S                   0000000180000000     kernel32:KERNEL32.dll
 0000:ffff3000       .debug$S                   0000000180000000     kernel32:KERNEL32.dll
 0000:ffff3000       .debug$S                   0000000180000000     kernel32:KERNEL32.dll
 0000:ffff3000       .debug$S                   0000000180000000     kernel32:KERNEL32.dll
 0000:ffff3000       .debug$S                   0000000180000000     kernel32:KERNEL32.dll
 0000:ffff3000       .debug$S                   0000000180000000     kernel32:KERNEL32.dll
 0000:ffff3000       .debug$S                   0000000180000000     kernel32:KERNEL32.dll
 0000:ffff3000       .debug$S                   0000000180000000     kernel32:KERNEL32.dll
 0000:ffff3000       .debug$S                   0000000180000000     kernel32:KERNEL32.dll
 0001:00000000       ?init@@YAPEAUplugmod_t@@XZ 0000000180001000 f   anticheat_detector.obj
 0001:00002f0c       $LN15                      0000000180003f0c     anticheat_detector.obj
 0001:00003168       $LN67                      0000000180004168     anticheat_detector.obj
 0001:000039b0       $$000000                   00000001800049b0     MSVCRT:amdsecgs.obj
 0001:00003a0c       ?dllmain_crt_dispatch@@YAHQEAUHINSTANCE__@@KQEAX@Z 0000000180004a0c f   MSVCRT:dll_dllmain.obj
 0001:00003a5c       ?dllmain_crt_process_attach@@YAHQEAUHINSTANCE__@@QEAX@Z 0000000180004a5c f   MSVCRT:dll_dllmain.obj
 0001:00003b74       ?dllmain_crt_process_detach@@YAH_N@Z 0000000180004b74 f   MSVCRT:dll_dllmain.obj
 0001:00003bf8       ?dllmain_dispatch@@YAHQEAUHINSTANCE__@@KQEAX@Z 0000000180004bf8 f   MSVCRT:dll_dllmain.obj
 0001:00003f18       capture_previous_context   0000000180004f18 f   MSVCRT:gs_report.obj
 0001:00004810       $$000000                   0000000180005810     MSVCRT:guard_dispatch.obj
 0001:00004830       $$000000                   0000000180005830     MSVCRT:guard_xfg_dispatch.obj
 0001:00004850       ?dtor$0@?0???$_Emplace_reallocate@AEBUdetected_artifact_t@@@?$vector@Udetected_artifact_t@@V?$allocator@Udetected_artifact_t@@@std@@@std@@QEAAPEAUdetected_artifact_t@@QEAU2@AEBU2@@Z@4HA 0000000180005850 f   anticheat_detector.obj
 0001:00004860       ?catch$22@?0???$_Emplace_reallocate@AEBUdetected_artifact_t@@@?$vector@Udetected_artifact_t@@V?$allocator@Udetected_artifact_t@@@std@@@std@@QEAAPEAUdetected_artifact_t@@QEAU2@AEBU2@@Z@4HA 0000000180005860 f   anticheat_detector.obj
 0001:0000486d       __catch$??$_Emplace_reallocate@AEBUdetected_artifact_t@@@?$vector@Udetected_artifact_t@@V?$allocator@Udetected_artifact_t@@@std@@@std@@QEAAPEAUdetected_artifact_t@@QEAU2@AEBU2@@Z$0 000000018000586d f   anticheat_detector.obj
 0001:000048a0       ?dtor$0@?0???0detected_artifact_t@@QEAA@AEBU0@@Z@4HA 00000001800058a0 f   anticheat_detector.obj
 0001:000048b0       ?dtor$1@?0???0detected_artifact_t@@QEAA@AEBU0@@Z@4HA 00000001800058b0 f   anticheat_detector.obj
 0001:000048c0       ?dtor$2@?0???0detected_artifact_t@@QEAA@AEBU0@@Z@4HA 00000001800058c0 f   anticheat_detector.obj
 0001:000048d0       ?dtor$0@?0??check_api_calls@anticheat_detector_t@@AEAA_N_KPEAVfunc_t@@@Z@4HA 00000001800058d0 f   anticheat_detector.obj
 0001:000048e0       ?dtor$1@?0??check_api_calls@anticheat_detector_t@@AEAA_N_KPEAVfunc_t@@@Z@4HA 00000001800058e0 f   anticheat_detector.obj
 0001:000048f0       ?dtor$2@?0??check_api_calls@anticheat_detector_t@@AEAA_N_KPEAVfunc_t@@@Z@4HA 00000001800058f0 f   anticheat_detector.obj
 0001:00004900       ?dtor$10@?0??check_inline_detection@anticheat_detector_t@@AEAA_N_KPEAVfunc_t@@@Z@4HA 0000000180005900 f   anticheat_detector.obj
 0001:00004900       ?dtor$3@?0??check_api_calls@anticheat_detector_t@@AEAA_N_KPEAVfunc_t@@@Z@4HA 0000000180005900 f   anticheat_detector.obj
 0001:00004900       ?dtor$3@?0??check_inline_detection@anticheat_detector_t@@AEAA_N_KPEAVfunc_t@@@Z@4HA 0000000180005900 f   anticheat_detector.obj
 0001:00004900       ?dtor$5@?0??check_inline_detection@anticheat_detector_t@@AEAA_N_KPEAVfunc_t@@@Z@4HA 0000000180005900 f   anticheat_detector.obj
 0001:00004900       ?dtor$7@?0??check_inline_detection@anticheat_detector_t@@AEAA_N_KPEAVfunc_t@@@Z@4HA 0000000180005900 f   anticheat_detector.obj
 0001:00004910       ?dtor$4@?0??check_api_calls@anticheat_detector_t@@AEAA_N_KPEAVfunc_t@@@Z@4HA 0000000180005910 f   anticheat_detector.obj
 0001:00004920       ?dtor$5@?0??check_api_calls@anticheat_detector_t@@AEAA_N_KPEAVfunc_t@@@Z@4HA 0000000180005920 f   anticheat_detector.obj
 0001:00004930       ?dtor$6@?0??check_api_calls@anticheat_detector_t@@AEAA_N_KPEAVfunc_t@@@Z@4HA 0000000180005930 f   anticheat_detector.obj
 0001:00004940       ?dtor$0@?0??check_inline_detection@anticheat_detector_t@@AEAA_N_KPEAVfunc_t@@@Z@4HA 0000000180005940 f   anticheat_detector.obj
 0001:00004950       ?dtor$1@?0??check_inline_detection@anticheat_detector_t@@AEAA_N_KPEAVfunc_t@@@Z@4HA 0000000180005950 f   anticheat_detector.obj
 0001:00004960       ?dtor$11@?0??check_inline_detection@anticheat_detector_t@@AEAA_N_KPEAVfunc_t@@@Z@4HA 0000000180005960 f   anticheat_detector.obj
 0001:00004960       ?dtor$2@?0??check_inline_detection@anticheat_detector_t@@AEAA_N_KPEAVfunc_t@@@Z@4HA 0000000180005960 f   anticheat_detector.obj
 0001:00004960       ?dtor$4@?0??check_inline_detection@anticheat_detector_t@@AEAA_N_KPEAVfunc_t@@@Z@4HA 0000000180005960 f   anticheat_detector.obj
 0001:00004960       ?dtor$6@?0??check_inline_detection@anticheat_detector_t@@AEAA_N_KPEAVfunc_t@@@Z@4HA 0000000180005960 f   anticheat_detector.obj
 0001:00004960       ?dtor$8@?0??check_inline_detection@anticheat_detector_t@@AEAA_N_KPEAVfunc_t@@@Z@4HA 0000000180005960 f   anticheat_detector.obj
 0001:00004970       ?dtor$9@?0??check_inline_detection@anticheat_detector_t@@AEAA_N_KPEAVfunc_t@@@Z@4HA 0000000180005970 f   anticheat_detector.obj
 0001:00004980       ?dtor$12@?0??check_inline_detection@anticheat_detector_t@@AEAA_N_KPEAVfunc_t@@@Z@4HA 0000000180005980 f   anticheat_detector.obj
 0001:00004990       ?dtor$13@?0??check_inline_detection@anticheat_detector_t@@AEAA_N_KPEAVfunc_t@@@Z@4HA 0000000180005990 f   anticheat_detector.obj
 0001:000049a0       ?dtor$14@?0??check_inline_detection@anticheat_detector_t@@AEAA_N_KPEAVfunc_t@@@Z@4HA 00000001800059a0 f   anticheat_detector.obj
 0001:000049b0       ?dtor$31@?0??check_inline_detection@anticheat_detector_t@@AEAA_N_KPEAVfunc_t@@@Z@4HA 00000001800059b0 f   anticheat_detector.obj
 0001:000049b0       ?dtor$50@?0??check_inline_detection@anticheat_detector_t@@AEAA_N_KPEAVfunc_t@@@Z@4HA 00000001800059b0 f   anticheat_detector.obj
 0001:000049c0       ?dtor$32@?0??check_inline_detection@anticheat_detector_t@@AEAA_N_KPEAVfunc_t@@@Z@4HA 00000001800059c0 f   anticheat_detector.obj
 0001:000049c0       ?dtor$51@?0??check_inline_detection@anticheat_detector_t@@AEAA_N_KPEAVfunc_t@@@Z@4HA 00000001800059c0 f   anticheat_detector.obj
 0001:000049d0       ?dtor$33@?0??check_inline_detection@anticheat_detector_t@@AEAA_N_KPEAVfunc_t@@@Z@4HA 00000001800059d0 f   anticheat_detector.obj
 0001:000049d0       ?dtor$52@?0??check_inline_detection@anticheat_detector_t@@AEAA_N_KPEAVfunc_t@@@Z@4HA 00000001800059d0 f   anticheat_detector.obj
 0001:000049e0       ?dtor$0@?0??check_string_references@anticheat_detector_t@@AEAA_N_KPEAVfunc_t@@@Z@4HA 00000001800059e0 f   anticheat_detector.obj
 0001:000049f0       ?dtor$1@?0??check_string_references@anticheat_detector_t@@AEAA_N_KPEAVfunc_t@@@Z@4HA 00000001800059f0 f   anticheat_detector.obj
 0001:00004a00       ?dtor$2@?0??check_string_references@anticheat_detector_t@@AEAA_N_KPEAVfunc_t@@@Z@4HA 0000000180005a00 f   anticheat_detector.obj
 0001:00004a10       ?dtor$3@?0??check_string_references@anticheat_detector_t@@AEAA_N_KPEAVfunc_t@@@Z@4HA 0000000180005a10 f   anticheat_detector.obj
 0001:00004a20       ?dtor$4@?0??check_string_references@anticheat_detector_t@@AEAA_N_KPEAVfunc_t@@@Z@4HA 0000000180005a20 f   anticheat_detector.obj
 0001:00004a30       ?dtor$5@?0??check_string_references@anticheat_detector_t@@AEAA_N_KPEAVfunc_t@@@Z@4HA 0000000180005a30 f   anticheat_detector.obj
 0001:00004a40       ?dtor$6@?0??check_string_references@anticheat_detector_t@@AEAA_N_KPEAVfunc_t@@@Z@4HA 0000000180005a40 f   anticheat_detector.obj
 0001:00004a50       ?dtor$0@?0??init@@YAPEAUplugmod_t@@XZ@4HA 0000000180005a50 f   anticheat_detector.obj
 0001:00004a60       ?dtor$0@?0??show_results@anticheat_detector_t@@QEAAXXZ@4HA 0000000180005a60 f   anticheat_detector.obj
 0001:00004a6c       ?fin$0@?0???_L@YAXPEAX_K1P6AX0@Z2@Z@4HA 0000000180005a6c f   MSVCRT:ehvecctr.obj
 0001:00004a98       ?fin$0@?0???_M@YAXPEAX_K1P6AX0@Z@Z@4HA 0000000180005a98 f   MSVCRT:ehvecdtr.obj
 0001:00004ac4       ?filt$0@?0??__ArrayUnwind@@YAXPEAX_K1P6AX0@Z@Z@4HA 0000000180005ac4 f   MSVCRT:ehvecdtr.obj
 0001:00004b23       ?fin$0@?0??dllmain_crt_process_attach@@YAHQEAUHINSTANCE__@@QEAX@Z@4HA 0000000180005b23 f   MSVCRT:dll_dllmain.obj
 0001:00004b3a       ?fin$0@?0??dllmain_crt_process_detach@@YAH_N@Z@4HA 0000000180005b3a f   MSVCRT:dll_dllmain.obj
 0001:00004b53       ?fin$1@?0??dllmain_crt_process_detach@@YAH_N@Z@4HA 0000000180005b53 f   MSVCRT:dll_dllmain.obj
 0001:00004b67       ?filt$0@?0??dllmain_dispatch@@YAHQEAUHINSTANCE__@@KQEAX@Z@4HA 0000000180005b67 f   MSVCRT:dll_dllmain.obj
 0001:00004b9d       __scrt_is_nonwritable_in_current_image$filt$0 0000000180005b9d f   MSVCRT:utility.obj
 0002:00001620       ?suspicious_constants@?1??is_suspicious_constant@anticheat_detector_t@@AEAA_N_K@Z@4QB_KB 0000000180007620     anticheat_detector.obj
 0002:000018e0       ?form@?1??run@plugin_ctx_t@@UEAA_N_K@Z@4QBDB 00000001800078e0     anticheat_detector.obj
 0002:00001ab0       GS_ExceptionPointers       0000000180007ab0     MSVCRT:gs_report.obj
 0002:000021a8       $unwind$??0exception@std@@QEAA@AEBV01@@Z 00000001800081a8     anticheat_detector.obj
 0002:000021b8       $cppxdata$??0exception@std@@QEAA@AEBV01@@Z 00000001800081b8     anticheat_detector.obj
 0002:000021bd       $ip2state$??0exception@std@@QEAA@AEBV01@@Z 00000001800081bd     anticheat_detector.obj
 0002:000021c0       $unwind$??_Gbad_alloc@std@@UEAAPEAXI@Z 00000001800081c0     anticheat_detector.obj
 0002:000021c0       $unwind$??_Gbad_array_new_length@std@@UEAAPEAXI@Z 00000001800081c0     anticheat_detector.obj
 0002:000021c0       $unwind$??_Gexception@std@@UEAAPEAXI@Z 00000001800081c0     anticheat_detector.obj
 0002:000021d4       $cppxdata$??_Gaction_handler_t@@UEAAPEAXI@Z 00000001800081d4     anticheat_detector.obj
 0002:000021d4       $cppxdata$??_Gbad_alloc@std@@UEAAPEAXI@Z 00000001800081d4     anticheat_detector.obj
 0002:000021d4       $cppxdata$??_Gbad_array_new_length@std@@UEAAPEAXI@Z 00000001800081d4     anticheat_detector.obj
 0002:000021d4       $cppxdata$??_Gexception@std@@UEAAPEAXI@Z 00000001800081d4     anticheat_detector.obj
 0002:000021d4       $cppxdata$??_Gplugmod_t@@UEAAPEAXI@Z 00000001800081d4     anticheat_detector.obj
 0002:000021d4       $cppxdata$??_Gshow_detector_ah_t@@UEAAPEAXI@Z 00000001800081d4     anticheat_detector.obj
 0002:000021dd       $stateUnwindMap$??0bad_alloc@std@@QEAA@AEBV01@@Z 00000001800081dd     anticheat_detector.obj
 0002:000021dd       $stateUnwindMap$??0bad_array_new_length@std@@QEAA@AEBV01@@Z 00000001800081dd     anticheat_detector.obj
 0002:000021dd       $stateUnwindMap$??1?$_Uninitialized_backout_al@V?$allocator@Udetected_artifact_t@@@std@@@std@@QEAA@XZ 00000001800081dd     anticheat_detector.obj
 0002:000021dd       $stateUnwindMap$??1?$_qstring@D@@QEAA@XZ 00000001800081dd     anticheat_detector.obj
 0002:000021dd       $stateUnwindMap$??1?$vector@Udetected_artifact_t@@V?$allocator@Udetected_artifact_t@@@std@@@std@@QEAA@XZ 00000001800081dd     anticheat_detector.obj
 0002:000021dd       $stateUnwindMap$??1artifact_chooser_t@@UEAA@XZ 00000001800081dd     anticheat_detector.obj
 0002:000021dd       $stateUnwindMap$??1bad_alloc@std@@UEAA@XZ 00000001800081dd     anticheat_detector.obj
 0002:000021dd       $stateUnwindMap$??1bad_array_new_length@std@@UEAA@XZ 00000001800081dd     anticheat_detector.obj
 0002:000021dd       $stateUnwindMap$??1detected_artifact_t@@QEAA@XZ 00000001800081dd     anticheat_detector.obj
 0002:000021dd       $stateUnwindMap$??1func_item_iterator_t@@QEAA@XZ 00000001800081dd     anticheat_detector.obj
 0002:000021dd       $stateUnwindMap$??_Gaction_handler_t@@UEAAPEAXI@Z 00000001800081dd     anticheat_detector.obj
 0002:000021dd       $stateUnwindMap$??_Gartifact_chooser_t@@UEAAPEAXI@Z 00000001800081dd     anticheat_detector.obj
 0002:000021dd       $stateUnwindMap$??_Gbad_alloc@std@@UEAAPEAXI@Z 00000001800081dd     anticheat_detector.obj
 0002:000021dd       $stateUnwindMap$??_Gbad_array_new_length@std@@UEAAPEAXI@Z 00000001800081dd     anticheat_detector.obj
 0002:000021dd       $stateUnwindMap$??_Gchooser_base_t@@UEAAPEAXI@Z 00000001800081dd     anticheat_detector.obj
 0002:000021dd       $stateUnwindMap$??_Gexception@std@@UEAAPEAXI@Z 00000001800081dd     anticheat_detector.obj
 0002:000021dd       $stateUnwindMap$??_Gplugin_ctx_t@@UEAAPEAXI@Z 00000001800081dd     anticheat_detector.obj
 0002:000021dd       $stateUnwindMap$??_Gplugmod_t@@UEAAPEAXI@Z 00000001800081dd     anticheat_detector.obj
 0002:000021dd       $stateUnwindMap$??_Gshow_detector_ah_t@@UEAAPEAXI@Z 00000001800081dd     anticheat_detector.obj
 0002:000021dd       $stateUnwindMap$?_Destroy@?$vector@Udetected_artifact_t@@V?$allocator@Udetected_artifact_t@@@std@@@std@@AEAAXPEAUdetected_artifact_t@@0@Z 00000001800081dd     anticheat_detector.obj
 0002:000021dd       $stateUnwindMap$?clear_results@anticheat_detector_t@@QEAAXXZ 00000001800081dd     anticheat_detector.obj
 0002:000021dd       $stateUnwindMap$?deallocate@?$allocator@Udetected_artifact_t@@@std@@QEAAXQEAUdetected_artifact_t@@_K@Z 00000001800081dd     anticheat_detector.obj
 0002:000021e3       $ip2state$??_Gaction_handler_t@@UEAAPEAXI@Z 00000001800081e3     anticheat_detector.obj
 0002:000021e3       $ip2state$??_Gbad_alloc@std@@UEAAPEAXI@Z 00000001800081e3     anticheat_detector.obj
 0002:000021e3       $ip2state$??_Gbad_array_new_length@std@@UEAAPEAXI@Z 00000001800081e3     anticheat_detector.obj
 0002:000021e3       $ip2state$??_Gexception@std@@UEAAPEAXI@Z 00000001800081e3     anticheat_detector.obj
 0002:000021e3       $ip2state$??_Gplugmod_t@@UEAAPEAXI@Z 00000001800081e3     anticheat_detector.obj
 0002:000021e3       $ip2state$??_Gshow_detector_ah_t@@UEAAPEAXI@Z 00000001800081e3     anticheat_detector.obj
 0002:000021e8       $unwind$??1bad_alloc@std@@UEAA@XZ 00000001800081e8     anticheat_detector.obj
 0002:000021e8       $unwind$??1bad_array_new_length@std@@UEAA@XZ 00000001800081e8     anticheat_detector.obj
 0002:000021f8       $cppxdata$??1bad_alloc@std@@UEAA@XZ 00000001800081f8     anticheat_detector.obj
 0002:000021f8       $cppxdata$??1bad_array_new_length@std@@UEAA@XZ 00000001800081f8     anticheat_detector.obj
 0002:00002201       $ip2state$??1bad_alloc@std@@UEAA@XZ 0000000180008201     anticheat_detector.obj
 0002:00002201       $ip2state$??1bad_array_new_length@std@@UEAA@XZ 0000000180008201     anticheat_detector.obj
 0002:00002204       $unwind$??0bad_alloc@std@@QEAA@AEBV01@@Z 0000000180008204     anticheat_detector.obj
 0002:00002204       $unwind$??0bad_array_new_length@std@@QEAA@AEBV01@@Z 0000000180008204     anticheat_detector.obj
 0002:00002214       $cppxdata$??0bad_alloc@std@@QEAA@AEBV01@@Z 0000000180008214     anticheat_detector.obj
 0002:00002214       $cppxdata$??0bad_array_new_length@std@@QEAA@AEBV01@@Z 0000000180008214     anticheat_detector.obj
 0002:0000221d       $ip2state$??0bad_alloc@std@@QEAA@AEBV01@@Z 000000018000821d     anticheat_detector.obj
 0002:0000221d       $ip2state$??0bad_array_new_length@std@@QEAA@AEBV01@@Z 000000018000821d     anticheat_detector.obj
 0002:00002220       $unwind$?_Throw_bad_array_new_length@std@@YAXXZ 0000000180008220     anticheat_detector.obj
 0002:00002220       $unwind$?__scrt_throw_std_bad_alloc@@YAXXZ 0000000180008220     MSVCRT:throw_bad_alloc.obj
 0002:00002220       $unwind$?__scrt_throw_std_bad_array_new_length@@YAXXZ 0000000180008220     MSVCRT:throw_bad_alloc.obj
 0002:00002228       $unwind$?resize_noinit@?$qvector@D@@QEAAX_K@Z 0000000180008228     anticheat_detector.obj
 0002:00002228       $unwind$_RTC_Initialize    0000000180008228     MSVCRT:initsect.obj
 0002:00002228       $unwind$_RTC_Terminate     0000000180008228     MSVCRT:initsect.obj
 0002:00002234       $unwind$?assign@?$_qstring@D@@AEAAXPEBD_K@Z 0000000180008234     anticheat_detector.obj
 0002:00002234       $unwind$__scrt_dllmain_exception_filter 0000000180008234     MSVCRT:utility.obj
 0002:00002248       $unwind$?append@?$_qstring@D@@QEAAAEAV1@PEBD_K@Z 0000000180008248     anticheat_detector.obj
 0002:00002248       $unwind$?get_row@artifact_chooser_t@@UEBAXPEAV?$qvector@V?$_qstring@D@@@@PEAHPEAUchooser_item_attrs_t@@_K@Z 0000000180008248     anticheat_detector.obj
 0002:00002260       $unwind$?sprnt@?$_qstring@D@@QEAAAEAV1@PEBDZZ 0000000180008260     anticheat_detector.obj
 0002:00002270       $unwind$??1?$_qstring@D@@QEAA@XZ 0000000180008270     anticheat_detector.obj
 0002:00002280       $cppxdata$??1?$_qstring@D@@QEAA@XZ 0000000180008280     anticheat_detector.obj
 0002:00002289       $ip2state$??1?$_qstring@D@@QEAA@XZ 0000000180008289     anticheat_detector.obj
 0002:0000228c       $unwind$??1func_item_iterator_t@@QEAA@XZ 000000018000828c     anticheat_detector.obj
 0002:0000229c       $cppxdata$??1func_item_iterator_t@@QEAA@XZ 000000018000829c     anticheat_detector.obj
 0002:000022a5       $ip2state$??1func_item_iterator_t@@QEAA@XZ 00000001800082a5     anticheat_detector.obj
 0002:000022a8       $unwind$??_Gartifact_chooser_t@@UEAAPEAXI@Z 00000001800082a8     anticheat_detector.obj
 0002:000022a8       $unwind$??_Gchooser_base_t@@UEAAPEAXI@Z 00000001800082a8     anticheat_detector.obj
 0002:000022bc       $cppxdata$??_Gartifact_chooser_t@@UEAAPEAXI@Z 00000001800082bc     anticheat_detector.obj
 0002:000022bc       $cppxdata$??_Gchooser_base_t@@UEAAPEAXI@Z 00000001800082bc     anticheat_detector.obj
 0002:000022c5       $ip2state$??_Gartifact_chooser_t@@UEAAPEAXI@Z 00000001800082c5     anticheat_detector.obj
 0002:000022c5       $ip2state$??_Gchooser_base_t@@UEAAPEAXI@Z 00000001800082c5     anticheat_detector.obj
 0002:000022cc       $unwind$??_Gaction_handler_t@@UEAAPEAXI@Z 00000001800082cc     anticheat_detector.obj
 0002:000022cc       $unwind$??_Gplugmod_t@@UEAAPEAXI@Z 00000001800082cc     anticheat_detector.obj
 0002:000022cc       $unwind$??_Gshow_detector_ah_t@@UEAAPEAXI@Z 00000001800082cc     anticheat_detector.obj
 0002:000022dc       $unwind$?ask_form@@YAHPEBDZZ 00000001800082dc     anticheat_detector.obj
 0002:000022dc       $unwind$?info@@YAXPEBDZZ   00000001800082dc     anticheat_detector.obj
 0002:000022dc       $unwind$?msg@@YAHPEBDZZ    00000001800082dc     anticheat_detector.obj
 0002:000022dc       $unwind$?warning@@YAXPEBDZZ 00000001800082dc     anticheat_detector.obj
 0002:000022e4       $unwind$??3modctx_t@@SAXPEAX@Z 00000001800082e4     anticheat_detector.obj
 0002:000022f4       $cppxdata$??3modctx_t@@SAXPEAX@Z 00000001800082f4     anticheat_detector.obj
 0002:000022f9       $ip2state$??3modctx_t@@SAXPEAX@Z 00000001800082f9     anticheat_detector.obj
 0002:000022fc       $unwind$??1detected_artifact_t@@QEAA@XZ 00000001800082fc     anticheat_detector.obj
 0002:0000230c       $cppxdata$??1detected_artifact_t@@QEAA@XZ 000000018000830c     anticheat_detector.obj
 0002:00002315       $ip2state$??1detected_artifact_t@@QEAA@XZ 0000000180008315     anticheat_detector.obj
 0002:0000231c       $unwind$??0detected_artifact_t@@QEAA@AEBU0@@Z 000000018000831c     anticheat_detector.obj
 0002:00002338       $cppxdata$??0detected_artifact_t@@QEAA@AEBU0@@Z 0000000180008338     anticheat_detector.obj
 0002:00002341       $stateUnwindMap$??0detected_artifact_t@@QEAA@AEBU0@@Z 0000000180008341     anticheat_detector.obj
 0002:00002351       $ip2state$??0detected_artifact_t@@QEAA@AEBU0@@Z 0000000180008351     anticheat_detector.obj
 0002:0000235c       $unwind$?deallocate@?$allocator@Udetected_artifact_t@@@std@@QEAAXQEAUdetected_artifact_t@@_K@Z 000000018000835c     anticheat_detector.obj
 0002:0000236c       $cppxdata$?deallocate@?$allocator@Udetected_artifact_t@@@std@@QEAAXQEAUdetected_artifact_t@@_K@Z 000000018000836c     anticheat_detector.obj
 0002:00002375       $ip2state$?deallocate@?$allocator@Udetected_artifact_t@@@std@@QEAAXQEAUdetected_artifact_t@@_K@Z 0000000180008375     anticheat_detector.obj
 0002:00002378       $unwind$??1?$vector@Udetected_artifact_t@@V?$allocator@Udetected_artifact_t@@@std@@@std@@QEAA@XZ 0000000180008378     anticheat_detector.obj
 0002:00002390       $cppxdata$??1?$vector@Udetected_artifact_t@@V?$allocator@Udetected_artifact_t@@@std@@@std@@QEAA@XZ 0000000180008390     anticheat_detector.obj
 0002:00002399       $ip2state$??1?$vector@Udetected_artifact_t@@V?$allocator@Udetected_artifact_t@@@std@@@std@@QEAA@XZ 0000000180008399     anticheat_detector.obj
 0002:000023a0       $unwind$?_Destroy@?$vector@Udetected_artifact_t@@V?$allocator@Udetected_artifact_t@@@std@@@std@@AEAAXPEAUdetected_artifact_t@@0@Z 00000001800083a0     anticheat_detector.obj
 0002:000023b4       $cppxdata$?_Destroy@?$vector@Udetected_artifact_t@@V?$allocator@Udetected_artifact_t@@@std@@@std@@AEAAXPEAUdetected_artifact_t@@0@Z 00000001800083b4     anticheat_detector.obj
 0002:000023bd       $ip2state$?_Destroy@?$vector@Udetected_artifact_t@@V?$allocator@Udetected_artifact_t@@@std@@@std@@AEAAXPEAUdetected_artifact_t@@0@Z 00000001800083bd     anticheat_detector.obj
 0002:000023c4       $unwind$?_Xlength@?$vector@Udetected_artifact_t@@V?$allocator@Udetected_artifact_t@@@std@@@std@@CAXXZ 00000001800083c4     anticheat_detector.obj
 0002:000023c4       $unwind$?activate@show_detector_ah_t@@UEAAHPEAUaction_ctx_base_t@@@Z 00000001800083c4     anticheat_detector.obj
 0002:000023c4       $unwind$__scrt_initialize_default_local_stdio_options 00000001800083c4     MSVCRT:default_local_stdio_options.obj
 0002:000023c4       $unwind$?dllmain_crt_dispatch@@YAHQEAUHINSTANCE__@@KQEAX@Z 00000001800083c4     MSVCRT:dll_dllmain.obj
 0002:000023c4       $unwind$DllMain            00000001800083c4     MSVCRT:dll_dllmain_stub.obj
 0002:000023c4       $unwind$__scrt_acquire_startup_lock 00000001800083c4     MSVCRT:utility.obj
 0002:000023c4       $unwind$__scrt_dllmain_after_initialize_c 00000001800083c4     MSVCRT:utility.obj
 0002:000023c4       $unwind$__scrt_dllmain_before_initialize_c 00000001800083c4     MSVCRT:utility.obj
 0002:000023c4       $unwind$__scrt_dllmain_crt_thread_attach 00000001800083c4     MSVCRT:utility.obj
 0002:000023c4       $unwind$__scrt_dllmain_crt_thread_detach 00000001800083c4     MSVCRT:utility.obj
 0002:000023c4       $unwind$__scrt_dllmain_uninitialize_c 00000001800083c4     MSVCRT:utility.obj
 0002:000023c4       $unwind$__scrt_dllmain_uninitialize_critical 00000001800083c4     MSVCRT:utility.obj
 0002:000023cc       $unwind$?check_api_calls@anticheat_detector_t@@AEAA_N_KPEAVfunc_t@@@Z 00000001800083cc     anticheat_detector.obj
 0002:000023f4       $cppxdata$?check_api_calls@anticheat_detector_t@@AEAA_N_KPEAVfunc_t@@@Z 00000001800083f4     anticheat_detector.obj
 0002:000023fd       $stateUnwindMap$?check_api_calls@anticheat_detector_t@@AEAA_N_KPEAVfunc_t@@@Z 00000001800083fd     anticheat_detector.obj
 0002:0000243d       $ip2state$?check_api_calls@anticheat_detector_t@@AEAA_N_KPEAVfunc_t@@@Z 000000018000843d     anticheat_detector.obj
 0002:00002460       $unwind$?check_string_references@anticheat_detector_t@@AEAA_N_KPEAVfunc_t@@@Z 0000000180008460     anticheat_detector.obj
 0002:00002488       $cppxdata$?check_string_references@anticheat_detector_t@@AEAA_N_KPEAVfunc_t@@@Z 0000000180008488     anticheat_detector.obj
 0002:00002491       $stateUnwindMap$?check_string_references@anticheat_detector_t@@AEAA_N_KPEAVfunc_t@@@Z 0000000180008491     anticheat_detector.obj
 0002:000024d2       $ip2state$?check_string_references@anticheat_detector_t@@AEAA_N_KPEAVfunc_t@@@Z 00000001800084d2     anticheat_detector.obj
 0002:000024f4       $unwind$?check_inline_detection@anticheat_detector_t@@AEAA_N_KPEAVfunc_t@@@Z 00000001800084f4     anticheat_detector.obj
 0002:0000251c       $cppxdata$?check_inline_detection@anticheat_detector_t@@AEAA_N_KPEAVfunc_t@@@Z 000000018000851c     anticheat_detector.obj
 0002:00002525       $stateUnwindMap$?check_inline_detection@anticheat_detector_t@@AEAA_N_KPEAVfunc_t@@@Z 0000000180008525     anticheat_detector.obj
 0002:00002599       $ip2state$?check_inline_detection@anticheat_detector_t@@AEAA_N_KPEAVfunc_t@@@Z 0000000180008599     anticheat_detector.obj
 0002:00002600       $unwind$?clear_results@anticheat_detector_t@@QEAAXXZ 0000000180008600     anticheat_detector.obj
 0002:00002618       $cppxdata$?clear_results@anticheat_detector_t@@QEAAXXZ 0000000180008618     anticheat_detector.obj
 0002:00002621       $ip2state$?clear_results@anticheat_detector_t@@QEAAXXZ 0000000180008621     anticheat_detector.obj
 0002:00002628       $unwind$?show_results@anticheat_detector_t@@QEAAXXZ 0000000180008628     anticheat_detector.obj
 0002:0000264c       $cppxdata$?show_results@anticheat_detector_t@@QEAAXXZ 000000018000864c     anticheat_detector.obj
 0002:00002655       $stateUnwindMap$?show_results@anticheat_detector_t@@QEAAXXZ 0000000180008655     anticheat_detector.obj
 0002:00002661       $ip2state$?show_results@anticheat_detector_t@@QEAAXXZ 0000000180008661     anticheat_detector.obj
 0002:0000266c       $unwind$?enter@artifact_chooser_t@@UEAA?AUcbret_t@chooser_t@@_K@Z 000000018000866c     anticheat_detector.obj
 0002:0000266c       $unwind$__raise_securityfailure 000000018000866c     MSVCRT:gs_report.obj
 0002:0000266c       $unwind$??2@YAPEAX_K@Z     000000018000866c     MSVCRT:new_scalar.obj
 0002:0000266c       $unwind$??_Gtype_info@@UEAAPEAXI@Z 000000018000866c     MSVCRT:std_type_info_static.obj
 0002:0000266c       $unwind$__scrt_initialize_crt 000000018000866c     MSVCRT:utility.obj
 0002:0000266c       $unwind$__scrt_initialize_onexit_tables 000000018000866c     MSVCRT:utility.obj
 0002:0000266c       $unwind$__scrt_release_startup_lock 000000018000866c     MSVCRT:utility.obj
 0002:0000266c       $unwind$__scrt_uninitialize_crt 000000018000866c     MSVCRT:utility.obj
 0002:00002674       $unwind$??1artifact_chooser_t@@UEAA@XZ 0000000180008674     anticheat_detector.obj
 0002:00002684       $cppxdata$??1artifact_chooser_t@@UEAA@XZ 0000000180008684     anticheat_detector.obj
 0002:0000268d       $ip2state$??1artifact_chooser_t@@UEAA@XZ 000000018000868d     anticheat_detector.obj
 0002:00002690       $unwind$?run@plugin_ctx_t@@UEAA_N_K@Z 0000000180008690     anticheat_detector.obj
 0002:0000269c       $chain$0$?run@plugin_ctx_t@@UEAA_N_K@Z 000000018000869c     anticheat_detector.obj
 0002:000026b0       $chain$2$?run@plugin_ctx_t@@UEAA_N_K@Z 00000001800086b0     anticheat_detector.obj
 0002:000026c8       $chain$3$?run@plugin_ctx_t@@UEAA_N_K@Z 00000001800086c8     anticheat_detector.obj
 0002:000026d8       $unwind$??_Gplugin_ctx_t@@UEAAPEAXI@Z 00000001800086d8     anticheat_detector.obj
 0002:000026ec       $cppxdata$??_Gplugin_ctx_t@@UEAAPEAXI@Z 00000001800086ec     anticheat_detector.obj
 0002:000026f5       $ip2state$??_Gplugin_ctx_t@@UEAAPEAXI@Z 00000001800086f5     anticheat_detector.obj
 0002:000026f8       $unwind$?init@@YAPEAUplugmod_t@@XZ 00000001800086f8     anticheat_detector.obj
 0002:0000270c       $cppxdata$?init@@YAPEAUplugmod_t@@XZ 000000018000870c     anticheat_detector.obj
 0002:00002715       $stateUnwindMap$?init@@YAPEAUplugmod_t@@XZ 0000000180008715     anticheat_detector.obj
 0002:0000271c       $ip2state$?init@@YAPEAUplugmod_t@@XZ 000000018000871c     anticheat_detector.obj
 0002:00002724       $unwind$??$_Emplace_reallocate@AEBUdetected_artifact_t@@@?$vector@Udetected_artifact_t@@V?$allocator@Udetected_artifact_t@@@std@@@std@@QEAAPEAUdetected_artifact_t@@QEAU2@AEBU2@@Z 0000000180008724     anticheat_detector.obj
 0002:00002740       $cppxdata$??$_Emplace_reallocate@AEBUdetected_artifact_t@@@?$vector@Udetected_artifact_t@@V?$allocator@Udetected_artifact_t@@@std@@@std@@QEAAPEAUdetected_artifact_t@@QEAU2@AEBU2@@Z 0000000180008740     anticheat_detector.obj
 0002:0000274d       $stateUnwindMap$??$_Emplace_reallocate@AEBUdetected_artifact_t@@@?$vector@Udetected_artifact_t@@V?$allocator@Udetected_artifact_t@@@std@@@std@@QEAAPEAUdetected_artifact_t@@QEAU2@AEBU2@@Z 000000018000874d     anticheat_detector.obj
 0002:0000275f       $tryMap$??$_Emplace_reallocate@AEBUdetected_artifact_t@@@?$vector@Udetected_artifact_t@@V?$allocator@Udetected_artifact_t@@@std@@@std@@QEAAPEAUdetected_artifact_t@@QEAU2@AEBU2@@Z 000000018000875f     anticheat_detector.obj
 0002:00002767       $handlerMap$??$_Emplace_reallocate@AEBUdetected_artifact_t@@@?$vector@Udetected_artifact_t@@V?$allocator@Udetected_artifact_t@@@std@@@std@@QEAAPEAUdetected_artifact_t@@QEAU2@AEBU2@@Z 0000000180008767     anticheat_detector.obj
 0002:0000276e       $ip2state$??$_Emplace_reallocate@AEBUdetected_artifact_t@@@?$vector@Udetected_artifact_t@@V?$allocator@Udetected_artifact_t@@@std@@@std@@QEAAPEAUdetected_artifact_t@@QEAU2@AEBU2@@Z 000000018000876e     anticheat_detector.obj
 0002:00002784       $unwind$?catch$22@?0???$_Emplace_reallocate@AEBUdetected_artifact_t@@@?$vector@Udetected_artifact_t@@V?$allocator@Udetected_artifact_t@@@std@@@std@@QEAAPEAUdetected_artifact_t@@QEAU2@AEBU2@@Z@4HA 0000000180008784     anticheat_detector.obj
 0002:0000278c       $unwind$??1?$_Uninitialized_backout_al@V?$allocator@Udetected_artifact_t@@@std@@@std@@QEAA@XZ 000000018000878c     anticheat_detector.obj
 0002:000027a0       $cppxdata$??1?$_Uninitialized_backout_al@V?$allocator@Udetected_artifact_t@@@std@@@std@@QEAA@XZ 00000001800087a0     anticheat_detector.obj
 0002:000027a9       $ip2state$??1?$_Uninitialized_backout_al@V?$allocator@Udetected_artifact_t@@@std@@@std@@QEAA@XZ 00000001800087a9     anticheat_detector.obj
 0002:000027b0       $unwind$??_L@YAXPEAX_K1P6AX0@Z2@Z 00000001800087b0     MSVCRT:ehvecctr.obj
 0002:000027dc       $unwind$?fin$0@?0??dllmain_crt_process_attach@@YAHQEAUHINSTANCE__@@QEAX@Z@4HA 00000001800087dc     MSVCRT:dll_dllmain.obj
 0002:000027dc       $unwind$?fin$0@?0??dllmain_crt_process_detach@@YAH_N@Z@4HA 00000001800087dc     MSVCRT:dll_dllmain.obj
 0002:000027dc       $unwind$?fin$1@?0??dllmain_crt_process_detach@@YAH_N@Z@4HA 00000001800087dc     MSVCRT:dll_dllmain.obj
 0002:000027dc       $unwind$?fin$0@?0???_L@YAXPEAX_K1P6AX0@Z2@Z@4HA 00000001800087dc     MSVCRT:ehvecctr.obj
 0002:000027dc       $unwind$?fin$0@?0???_M@YAXPEAX_K1P6AX0@Z@Z@4HA 00000001800087dc     MSVCRT:ehvecdtr.obj
 0002:000027e4       $unwind$??_M@YAXPEAX_K1P6AX0@Z@Z 00000001800087e4     MSVCRT:ehvecdtr.obj
 0002:0000280c       $unwind$?__ArrayUnwind@@YAXPEAX_K1P6AX0@Z@Z 000000018000880c     MSVCRT:ehvecdtr.obj
 0002:00002838       $unwind$?filt$0@?0??__ArrayUnwind@@YAXPEAX_K1P6AX0@Z@Z@4HA 0000000180008838     MSVCRT:ehvecdtr.obj
 0002:00002844       $unwind$__GSHandlerCheck_EH4 0000000180008844     MSVCRT:gshandlereh4.obj
 0002:00002860       $xdatasym                  0000000180008860     MSVCRT:amdsecgs.obj
 0002:00002864       $unwind$?dllmain_crt_process_attach@@YAHQEAUHINSTANCE__@@QEAX@Z 0000000180008864     MSVCRT:dll_dllmain.obj
 0002:000028a0       $unwind$?dllmain_crt_process_detach@@YAH_N@Z 00000001800088a0     MSVCRT:dll_dllmain.obj
 0002:000028f4       $unwind$?dllmain_dispatch@@YAHQEAUHINSTANCE__@@KQEAX@Z 00000001800088f4     MSVCRT:dll_dllmain.obj
 0002:0000291c       $unwind$?filt$0@?0??dllmain_dispatch@@YAHQEAUHINSTANCE__@@KQEAX@Z@4HA 000000018000891c     MSVCRT:dll_dllmain.obj
 0002:00002924       $unwind$_DllMainCRTStartup 0000000180008924     MSVCRT:dll_dllmain.obj
 0002:00002934       $unwind$__GSHandlerCheckCommon 0000000180008934     MSVCRT:gshandler.obj
 0002:0000293c       $unwind$__report_gsfailure 000000018000893c     MSVCRT:gs_report.obj
 0002:00002944       $unwind$capture_previous_context 0000000180008944     MSVCRT:gs_report.obj
 0002:00002950       $unwind$__security_init_cookie 0000000180008950     MSVCRT:gs_support.obj
 0002:0000295c       $unwind$__scrt_is_nonwritable_in_current_image 000000018000895c     MSVCRT:utility.obj
 0002:0000297c       $unwind$__scrt_is_nonwritable_in_current_image$filt$0 000000018000897c     MSVCRT:utility.obj
 0002:00002984       $unwind$__scrt_fastfail    0000000180008984     MSVCRT:utility_desktop.obj
 0002:00002998       $xdatasym                  0000000180008998     MSVCRT:guard_dispatch.obj
 0002:000029a0       $xdatasym                  00000001800089a0     MSVCRT:guard_xfg_dispatch.obj
 0002:000029a4       $unwind$__isa_available_init 00000001800089a4     MSVCRT:cpu_disp.obj
 0002:00002ab0       .edata                     0000000180008ab0     anticheat_detector64.exp
 0002:00002ad8       rgpv                       0000000180008ad8     anticheat_detector64.exp
 0002:00002adc       rgszName                   0000000180008adc     anticheat_detector64.exp
 0002:00002ae0       rgwOrd                     0000000180008ae0     anticheat_detector64.exp
 0002:00002ae2       szName                     0000000180008ae2     anticheat_detector64.exp
 0002:00002afb       $N00001                    0000000180008afb     anticheat_detector64.exp
 0002:00002fd0       .idata$6                   0000000180008fd0     ida:ida64.dll
 0002:00002ffc       .idata$6                   0000000180008ffc     msvcprt:MSVCP140.dll
 0002:00003170       .idata$6                   0000000180009170     kernel32:KERNEL32.dll
 0002:0000328e       .idata$6                   000000018000928e     vcruntime:VCRUNTIME140.dll
 0002:000032a0       .idata$6                   00000001800092a0     vcruntime:VCRUNTIME140_1.dll
 0002:000033aa       .idata$6                   00000001800093aa     ucrt:api-ms-win-crt-runtime-l1-1-0.dll
 0002:000033cc       .idata$6                   00000001800093cc     ucrt:api-ms-win-crt-heap-l1-1-0.dll
 0003:00000124       ?__proc_attached@@3HA      000000018000a124     MSVCRT:dll_dllmain.obj
 0003:00000130       GS_ExceptionRecord         000000018000a130     MSVCRT:gs_report.obj
 0003:000001d0       GS_ContextRecord           000000018000a1d0     MSVCRT:gs_report.obj
 0003:000006d0       ?is_initialized_as_dll@@3_NA 000000018000a6d0     MSVCRT:utility.obj
 0003:000006d1       ?module_local_atexit_table_initialized@@3_NA 000000018000a6d1     MSVCRT:utility.obj
 0003:000006d8       ?module_local_atexit_table@@3U_onexit_table_t@@A 000000018000a6d8     MSVCRT:utility.obj
 0003:000006f0       ?module_local_at_quick_exit_table@@3U_onexit_table_t@@A 000000018000a6f0     MSVCRT:utility.obj
